
 Start Length Name Class
 0001:00401000 0000ED3E8H _TEXT                  CODE
 0002:004EF000 0000DEFD4H _DATA                  DATA
 0003:005CDFD4 00000AC74H _BSS                   BSS
 0004:00000000 00000009CH _TLS                   TLS


Detailed map of segments
 0001:00000378 0000014F C=CODE    S=_TEXT    G=(none)   M=C:\BCC582\LIB\C0W32.OBJ ACBP=A9
 0001:000004C8 000000BD C=CODE    S=_TEXT    G=(none)   M=C:\DES\FR3TOPRG\FR3TOPRG.OBJ ACBP=A9
 0001:00000588 0000011D C=CODE    S=_TEXT    G=(none)   M=C:\FWH.13.02\LIB\FIVEHX.LIB|ACTIVEX ACBP=A9
 0001:000006A8 0000008D C=CODE    S=_TEXT    G=(none)   M=C:\FWH.13.02\LIB\FIVEHX.LIB|ALERT ACBP=A9
 0001:00000738 00000270 C=CODE    S=_TEXT    G=(none)   M=C:\FWH.13.02\LIB\FIVEHX.LIB|BAR ACBP=A9
 0001:000009A8 00000378 C=CODE    S=_TEXT    G=(none)   M=C:\FWH.13.02\LIB\FIVEHX.LIB|BITMAP ACBP=A9
 0001:00000D20 00000210 C=CODE    S=_TEXT    G=(none)   M=C:\FWH.13.02\LIB\FIVEHX.LIB|BRUSH ACBP=A9
 0001:00000F30 000002E8 C=CODE    S=_TEXT    G=(none)   M=C:\FWH.13.02\LIB\FIVEHX.LIB|BTNBMP ACBP=A9
 0001:00001218 0000017D C=CODE    S=_TEXT    G=(none)   M=C:\FWH.13.02\LIB\FIVEHX.LIB|BUTTON ACBP=A9
 0001:00001398 00000105 C=CODE    S=_TEXT    G=(none)   M=C:\FWH.13.02\LIB\FIVEHX.LIB|BUTTONB ACBP=A9
 0001:000014A0 0000016B C=CODE    S=_TEXT    G=(none)   M=C:\FWH.13.02\LIB\FIVEHX.LIB|CHECKRES ACBP=A9
 0001:0000160C 00000360 C=CODE    S=_TEXT    G=(none)   M=C:\FWH.13.02\LIB\FIVEHX.LIB|C5LIB ACBP=A9
 0001:0000196C 000003C8 C=CODE    S=_TEXT    G=(none)   M=C:\FWH.13.02\LIB\FIVEHX.LIB|C5TOOLTP ACBP=A9
 0001:00001D34 00000135 C=CODE    S=_TEXT    G=(none)   M=C:\FWH.13.02\LIB\FIVEHX.LIB|CLIPBRD ACBP=A9
 0001:00001E6C 000002E8 C=CODE    S=_TEXT    G=(none)   M=C:\FWH.13.02\LIB\FIVEHX.LIB|COMBOBOX ACBP=A9
 0001:00002154 00000480 C=CODE    S=_TEXT    G=(none)   M=C:\FWH.13.02\LIB\FIVEHX.LIB|CONTROL ACBP=A9
 0001:000025D4 000000A5 C=CODE    S=_TEXT    G=(none)   M=C:\FWH.13.02\LIB\FIVEHX.LIB|CURSOR ACBP=A9
 0001:0000267C 000000ED C=CODE    S=_TEXT    G=(none)   M=C:\FWH.13.02\LIB\FIVEHX.LIB|DDE ACBP=A9
 0001:0000276C 00000330 C=CODE    S=_TEXT    G=(none)   M=C:\FWH.13.02\LIB\FIVEHX.LIB|DIALOG ACBP=A9
 0001:00002A9C 000000A5 C=CODE    S=_TEXT    G=(none)   M=C:\FWH.13.02\LIB\FIVEHX.LIB|DLGFIND ACBP=A9
 0001:00002B44 0000008D C=CODE    S=_TEXT    G=(none)   M=C:\FWH.13.02\LIB\FIVEHX.LIB|DRAWBMP ACBP=A9
 0001:00002BD4 0000014D C=CODE    S=_TEXT    G=(none)   M=C:\FWH.13.02\LIB\FIVEHX.LIB|ERRSYSW ACBP=A9
 0001:00002D24 00000B10 C=CODE    S=_TEXT    G=(none)   M=C:\FWH.13.02\LIB\FIVEHX.LIB|FGET ACBP=A9
 0001:00003834 00000255 C=CODE    S=_TEXT    G=(none)   M=C:\FWH.13.02\LIB\FIVEHX.LIB|FILENAME ACBP=A9
 0001:00003A8C 000000A5 C=CODE    S=_TEXT    G=(none)   M=C:\FWH.13.02\LIB\FIVEHX.LIB|FLINE ACBP=A9
 0001:00003B34 00000240 C=CODE    S=_TEXT    G=(none)   M=C:\FWH.13.02\LIB\FIVEHX.LIB|FONT ACBP=A9
 0001:00003D74 00000075 C=CODE    S=_TEXT    G=(none)   M=C:\FWH.13.02\LIB\FIVEHX.LIB|FWERROR ACBP=A9
 0001:00003DEC 00000159 C=CODE    S=_TEXT    G=(none)   M=C:\FWH.13.02\LIB\FIVEHX.LIB|GETTASKS ACBP=A9
 0001:00003F48 000001AD C=CODE    S=_TEXT    G=(none)   M=C:\FWH.13.02\LIB\FIVEHX.LIB|GETSYSIN ACBP=A9
 0001:000040F8 000000ED C=CODE    S=_TEXT    G=(none)   M=C:\FWH.13.02\LIB\FIVEHX.LIB|GTF ACBP=A9
 0001:000041E8 0000043F C=CODE    S=_TEXT    G=(none)   M=C:\FWH.13.02\LIB\FIVEHX.LIB|HARBOUR ACBP=A9
 0001:00004628 00000135 C=CODE    S=_TEXT    G=(none)   M=C:\FWH.13.02\LIB\FIVEHX.LIB|HELP32 ACBP=A9
 0001:00004760 0000038C C=CODE    S=_TEXT    G=(none)   M=C:\FWH.13.02\LIB\FIVEHX.LIB|HELPCHM ACBP=A9
 0001:00004AEC 00000135 C=CODE    S=_TEXT    G=(none)   M=C:\FWH.13.02\LIB\FIVEHX.LIB|ICON ACBP=A9
 0001:00004C24 000003A5 C=CODE    S=_TEXT    G=(none)   M=C:\FWH.13.02\LIB\FIVEHX.LIB|IMAGE ACBP=A9
 0001:00004FCC 000000ED C=CODE    S=_TEXT    G=(none)   M=C:\FWH.13.02\LIB\FIVEHX.LIB|INI ACBP=A9
 0001:000050BC 00000288 C=CODE    S=_TEXT    G=(none)   M=C:\FWH.13.02\LIB\FIVEHX.LIB|LISTBOX ACBP=A9
 0001:00005344 0000011D C=CODE    S=_TEXT    G=(none)   M=C:\FWH.13.02\LIB\FIVEHX.LIB|LONGNAM2 ACBP=A9
 0001:00005464 00000138 C=CODE    S=_TEXT    G=(none)   M=C:\FWH.13.02\LIB\FIVEHX.LIB|MDICHILD ACBP=A9
 0001:0000559C 00000135 C=CODE    S=_TEXT    G=(none)   M=C:\FWH.13.02\LIB\FIVEHX.LIB|MDICLIEN ACBP=A9
 0001:000056D4 0000011D C=CODE    S=_TEXT    G=(none)   M=C:\FWH.13.02\LIB\FIVEHX.LIB|MDIFRAME ACBP=A9
 0001:000057F4 00000075 C=CODE    S=_TEXT    G=(none)   M=C:\FWH.13.02\LIB\FIVEHX.LIB|MEMOEDIT ACBP=A9
 0001:0000586C 00000348 C=CODE    S=_TEXT    G=(none)   M=C:\FWH.13.02\LIB\FIVEHX.LIB|MENU ACBP=A9
 0001:00005BB4 0000017D C=CODE    S=_TEXT    G=(none)   M=C:\FWH.13.02\LIB\FIVEHX.LIB|MENUITEM ACBP=A9
 0001:00005D34 00000330 C=CODE    S=_TEXT    G=(none)   M=C:\FWH.13.02\LIB\FIVEHX.LIB|MGET ACBP=A9
 0001:00006064 000002E8 C=CODE    S=_TEXT    G=(none)   M=C:\FWH.13.02\LIB\FIVEHX.LIB|MSGBAR ACBP=A9
 0001:0000634C 000000A5 C=CODE    S=_TEXT    G=(none)   M=C:\FWH.13.02\LIB\FIVEHX.LIB|MSGRUN ACBP=A9
 0001:000063F4 00000135 C=CODE    S=_TEXT    G=(none)   M=C:\FWH.13.02\LIB\FIVEHX.LIB|OLEFUNCS ACBP=A9
 0001:0000652C 000000D5 C=CODE    S=_TEXT    G=(none)   M=C:\FWH.13.02\LIB\FIVEHX.LIB|PDMENU ACBP=A9
 0001:00006604 000000BD C=CODE    S=_TEXT    G=(none)   M=C:\FWH.13.02\LIB\FIVEHX.LIB|PDREPORT ACBP=A9
 0001:000066C4 0000008D C=CODE    S=_TEXT    G=(none)   M=C:\FWH.13.02\LIB\FIVEHX.LIB|PEN ACBP=A9
 0001:00006754 00000318 C=CODE    S=_TEXT    G=(none)   M=C:\FWH.13.02\LIB\FIVEHX.LIB|PRINTER ACBP=A9
 0001:00006A6C 0000059D C=CODE    S=_TEXT    G=(none)   M=C:\FWH.13.02\LIB\FIVEHX.LIB|PRV2PDF ACBP=A9
 0001:0000700C 00000195 C=CODE    S=_TEXT    G=(none)   M=C:\FWH.13.02\LIB\FIVEHX.LIB|RADIO ACBP=A9
 0001:000071A4 00000165 C=CODE    S=_TEXT    G=(none)   M=C:\FWH.13.02\LIB\FIVEHX.LIB|RADMENU ACBP=A9
 0001:0000730C 00000135 C=CODE    S=_TEXT    G=(none)   M=C:\FWH.13.02\LIB\FIVEHX.LIB|RCOLUMN ACBP=A9
 0001:00007444 000000A5 C=CODE    S=_TEXT    G=(none)   M=C:\FWH.13.02\LIB\FIVEHX.LIB|REBAR ACBP=A9
 0001:000074EC 000000BD C=CODE    S=_TEXT    G=(none)   M=C:\FWH.13.02\LIB\FIVEHX.LIB|RFILE ACBP=A9
 0001:000075AC 00000105 C=CODE    S=_TEXT    G=(none)   M=C:\FWH.13.02\LIB\FIVEHX.LIB|RGROUP ACBP=A9
 0001:000076B4 00000105 C=CODE    S=_TEXT    G=(none)   M=C:\FWH.13.02\LIB\FIVEHX.LIB|RLINE ACBP=A9
 0001:000077BC 000000D5 C=CODE    S=_TEXT    G=(none)   M=C:\FWH.13.02\LIB\FIVEHX.LIB|RECT ACBP=A9
 0001:00007894 000000ED C=CODE    S=_TEXT    G=(none)   M=C:\FWH.13.02\LIB\FIVEHX.LIB|REG32 ACBP=A9
 0001:00007984 00000348 C=CODE    S=_TEXT    G=(none)   M=C:\FWH.13.02\LIB\FIVEHX.LIB|REPORT ACBP=A9
 0001:00007CCC 00000360 C=CODE    S=_TEXT    G=(none)   M=C:\FWH.13.02\LIB\FIVEHX.LIB|RPREVIEW ACBP=A9
 0001:0000802C 00000165 C=CODE    S=_TEXT    G=(none)   M=C:\FWH.13.02\LIB\FIVEHX.LIB|SAY ACBP=A9
 0001:00008194 0000087D C=CODE    S=_TEXT    G=(none)   M=C:\FWH.13.02\LIB\FIVEHX.LIB|SCINTILA ACBP=A9
 0001:00008A14 0000011D C=CODE    S=_TEXT    G=(none)   M=C:\FWH.13.02\LIB\FIVEHX.LIB|SCRLLBAR ACBP=A9
 0001:00008B34 000000ED C=CODE    S=_TEXT    G=(none)   M=C:\FWH.13.02\LIB\FIVEHX.LIB|SHELLAPI ACBP=A9
 0001:00008C24 0000017D C=CODE    S=_TEXT    G=(none)   M=C:\FWH.13.02\LIB\FIVEHX.LIB|STATUSBA ACBP=A9
 0001:00008DA4 000000ED C=CODE    S=_TEXT    G=(none)   M=C:\FWH.13.02\LIB\FIVEHX.LIB|TACCTBL ACBP=A9
 0001:00008E94 0000008D C=CODE    S=_TEXT    G=(none)   M=C:\FWH.13.02\LIB\FIVEHX.LIB|TCLIPGET ACBP=A9
 0001:00008F24 00000195 C=CODE    S=_TEXT    G=(none)   M=C:\FWH.13.02\LIB\FIVEHX.LIB|TFILE ACBP=A9
 0001:000090BC 000004B0 C=CODE    S=_TEXT    G=(none)   M=C:\FWH.13.02\LIB\FIVEHX.LIB|TGET ACBP=A9
 0001:0000956C 0000014D C=CODE    S=_TEXT    G=(none)   M=C:\FWH.13.02\LIB\FIVEHX.LIB|TOOLBAR ACBP=A9
 0001:000096BC 000000D5 C=CODE    S=_TEXT    G=(none)   M=C:\FWH.13.02\LIB\FIVEHX.LIB|TIMAGLST ACBP=A9
 0001:00009794 000000D5 C=CODE    S=_TEXT    G=(none)   M=C:\FWH.13.02\LIB\FIVEHX.LIB|TIMER ACBP=A9
 0001:0000986C 000000A5 C=CODE    S=_TEXT    G=(none)   M=C:\FWH.13.02\LIB\FIVEHX.LIB|TMAIL ACBP=A9
 0001:00009914 000001DD C=CODE    S=_TEXT    G=(none)   M=C:\FWH.13.02\LIB\FIVEHX.LIB|TMETAFIL ACBP=A9
 0001:00009AF4 00000165 C=CODE    S=_TEXT    G=(none)   M=C:\FWH.13.02\LIB\FIVEHX.LIB|TMSGITEM ACBP=A9
 0001:00009C5C 000005A0 C=CODE    S=_TEXT    G=(none)   M=C:\FWH.13.02\LIB\FIVEHX.LIB|TRICHEDI ACBP=A9
 0001:0000A1FC 00000105 C=CODE    S=_TEXT    G=(none)   M=C:\FWH.13.02\LIB\FIVEHX.LIB|TSTRUCT ACBP=A9
 0001:0000A304 000001AD C=CODE    S=_TEXT    G=(none)   M=C:\FWH.13.02\LIB\FIVEHX.LIB|TTXTFILE ACBP=A9
 0001:0000A4B4 00000165 C=CODE    S=_TEXT    G=(none)   M=C:\FWH.13.02\LIB\FIVEHX.LIB|VALBLANK ACBP=A9
 0001:0000A61C 000001AD C=CODE    S=_TEXT    G=(none)   M=C:\FWH.13.02\LIB\FIVEHX.LIB|VALTOSTR ACBP=A9
 0001:0000A7CC 00000AB0 C=CODE    S=_TEXT    G=(none)   M=C:\FWH.13.02\LIB\FIVEHX.LIB|WINDOW ACBP=A9
 0001:0000B27C 0000005D C=CODE    S=_TEXT    G=(none)   M=C:\FWH.13.02\LIB\FIVEHX.LIB|WQOUT ACBP=A9
 0001:0000B2DC 000000A5 C=CODE    S=_TEXT    G=(none)   M=C:\FWH.13.02\LIB\FIVEHX.LIB|XPAD ACBP=A9
 0001:0000B384 0000007D C=CODE    S=_TEXT    G=(none)   M=C:\FWH.13.02\LIB\FIVEHC.LIB|__WNDPRO ACBP=A9
 0001:0000B404 00000157 C=CODE    S=_TEXT    G=(none)   M=C:\FWH.13.02\LIB\FIVEHC.LIB|BMPREAD ACBP=A9
 0001:0000B55C 00002B0C C=CODE    S=_TEXT    G=(none)   M=C:\FWH.13.02\LIB\FIVEHC.LIB|CTLHDLEH ACBP=A9
 0001:0000E068 0000018F C=CODE    S=_TEXT    G=(none)   M=C:\FWH.13.02\LIB\FIVEHC.LIB|FFDLGPRC ACBP=A9
 0001:0000E1F8 0000010C C=CODE    S=_TEXT    G=(none)   M=C:\FWH.13.02\LIB\FIVEHC.LIB|FFWNDRUN ACBP=A9
 0001:0000E304 000001D1 C=CODE    S=_TEXT    G=(none)   M=C:\FWH.13.02\LIB\FIVEHC.LIB|HARBOURC ACBP=A9
 0001:0000E4D8 000000D3 C=CODE    S=_TEXT    G=(none)   M=C:\FWH.13.02\LIB\FIVEHC.LIB|REBARS ACBP=A9
 0001:0000E5AC 0000014D C=CODE    S=_TEXT    G=(none)   M=C:\FWH.13.02\LIB\FIVEHC.LIB|SYSREFRE ACBP=A9
 0001:0000E6FC 000003B6 C=CODE    S=_TEXT    G=(none)   M=C:\FWH.13.02\LIB\FIVEHC.LIB|TOOLBARS ACBP=A9
 0001:0000EAB4 0000012C C=CODE    S=_TEXT    G=(none)   M=C:\FWH.13.02\LIB\FIVEHC.LIB|TOOLTIP ACBP=A9
 0001:0000EBE0 0000020C C=CODE    S=_TEXT    G=(none)   M=C:\FWH.13.02\LIB\FIVEHC.LIB|WNDRUN ACBP=A9
 0001:0000EDEC 000005BA C=CODE    S=_TEXT    G=(none)   M=C:\FWH.13.02\LIB\FIVEHC.LIB|DLGBOX ACBP=A9
 0001:0000F3A8 0000005D C=CODE    S=_TEXT    G=(none)   M=C:\FWH.13.02\LIB\FIVEHC.LIB|XPROC ACBP=A9
 0001:0000F408 00001700 C=CODE    S=_TEXT    G=(none)   M=C:\FWH.13.02\LIB\FIVEHC.LIB|ACTX ACBP=A9
 0001:00010B08 000000D7 C=CODE    S=_TEXT    G=(none)   M=C:\FWH.13.02\LIB\FIVEHC.LIB|AAT ACBP=A9
 0001:00010BE0 000001B4 C=CODE    S=_TEXT    G=(none)   M=C:\FWH.13.02\LIB\FIVEHC.LIB|ACCELERA ACBP=A9
 0001:00010D94 000000F4 C=CODE    S=_TEXT    G=(none)   M=C:\FWH.13.02\LIB\FIVEHC.LIB|ANSIUP ACBP=A9
 0001:00010E88 00000071 C=CODE    S=_TEXT    G=(none)   M=C:\FWH.13.02\LIB\FIVEHC.LIB|ATOM ACBP=A9
 0001:00010EFC 00000391 C=CODE    S=_TEXT    G=(none)   M=C:\FWH.13.02\LIB\FIVEHC.LIB|BARTOOLS ACBP=A9
 0001:00011290 0000012F C=CODE    S=_TEXT    G=(none)   M=C:\FWH.13.02\LIB\FIVEHC.LIB|BITMAPS ACBP=A9
 0001:000113C0 00000E5C C=CODE    S=_TEXT    G=(none)   M=C:\FWH.13.02\LIB\FIVEHC.LIB|BMPDRAW ACBP=A9
 0001:0001221C 00002325 C=CODE    S=_TEXT    G=(none)   M=C:\FWH.13.02\LIB\FIVEHC.LIB|BRUSHES ACBP=A9
 0001:00014544 00004C00 C=CODE    S=_TEXT    G=(none)   M=C:\FWH.13.02\LIB\FIVEHC.LIB|C5CNEW ACBP=A9
 0001:00019144 00000567 C=CODE    S=_TEXT    G=(none)   M=C:\FWH.13.02\LIB\FIVEHC.LIB|CALLDLL ACBP=A9
 0001:000196AC 00000235 C=CODE    S=_TEXT    G=(none)   M=C:\FWH.13.02\LIB\FIVEHC.LIB|CALDLL32 ACBP=A9
 0001:000198E4 000000B3 C=CODE    S=_TEXT    G=(none)   M=C:\FWH.13.02\LIB\FIVEHC.LIB|CARET ACBP=A9
 0001:00019998 00000068 C=CODE    S=_TEXT    G=(none)   M=C:\FWH.13.02\LIB\FIVEHC.LIB|CHANGEPR ACBP=A9
 0001:00019A00 000001CC C=CODE    S=_TEXT    G=(none)   M=C:\FWH.13.02\LIB\FIVEHC.LIB|CLPBRD ACBP=A9
 0001:00019BCC 0000012E C=CODE    S=_TEXT    G=(none)   M=C:\FWH.13.02\LIB\FIVEHC.LIB|CLRCHOOS ACBP=A9
 0001:00019CFC 00000104 C=CODE    S=_TEXT    G=(none)   M=C:\FWH.13.02\LIB\FIVEHC.LIB|CLT2SCR ACBP=A9
 0001:00019E00 00000298 C=CODE    S=_TEXT    G=(none)   M=C:\FWH.13.02\LIB\FIVEHC.LIB|CODEGTF ACBP=A9
 0001:0001A098 000000F7 C=CODE    S=_TEXT    G=(none)   M=C:\FWH.13.02\LIB\FIVEHC.LIB|COLOR ACBP=A9
 0001:0001A190 0000036F C=CODE    S=_TEXT    G=(none)   M=C:\FWH.13.02\LIB\FIVEHC.LIB|COLORTON ACBP=A9
 0001:0001A500 0000002C C=CODE    S=_TEXT    G=(none)   M=C:\FWH.13.02\LIB\FIVEHC.LIB|CREATEPA ACBP=A9
 0001:0001A52C 0000002C C=CODE    S=_TEXT    G=(none)   M=C:\FWH.13.02\LIB\FIVEHC.LIB|CREATEPE ACBP=A9
 0001:0001A558 00000061 C=CODE    S=_TEXT    G=(none)   M=C:\FWH.13.02\LIB\FIVEHC.LIB|CREATESO ACBP=A9
 0001:0001A5BC 000000BF C=CODE    S=_TEXT    G=(none)   M=C:\FWH.13.02\LIB\FIVEHC.LIB|CREATWND ACBP=A9
 0001:0001A67C 000002FE C=CODE    S=_TEXT    G=(none)   M=C:\FWH.13.02\LIB\FIVEHC.LIB|CTL3D ACBP=A9
 0001:0001A97C 00000729 C=CODE    S=_TEXT    G=(none)   M=C:\FWH.13.02\LIB\FIVEHC.LIB|CTRLDRAW ACBP=A9
 0001:0001B0A8 000001E0 C=CODE    S=_TEXT    G=(none)   M=C:\FWH.13.02\LIB\FIVEHC.LIB|CTRL2CHR ACBP=A9
 0001:0001B288 00000A2F C=CODE    S=_TEXT    G=(none)   M=C:\FWH.13.02\LIB\FIVEHC.LIB|CURSORS ACBP=A9
 0001:0001BCB8 00000750 C=CODE    S=_TEXT    G=(none)   M=C:\FWH.13.02\LIB\FIVEHC.LIB|DC ACBP=A9
 0001:0001C408 0000007A C=CODE    S=_TEXT    G=(none)   M=C:\FWH.13.02\LIB\FIVEHC.LIB|DDEXC ACBP=A9
 0001:0001C484 00000070 C=CODE    S=_TEXT    G=(none)   M=C:\FWH.13.02\LIB\FIVEHC.LIB|DELOBJEC ACBP=A9
 0001:0001C4F4 00000219 C=CODE    S=_TEXT    G=(none)   M=C:\FWH.13.02\LIB\FIVEHC.LIB|DEVICE ACBP=A9
 0001:0001C710 00000044 C=CODE    S=_TEXT    G=(none)   M=C:\FWH.13.02\LIB\FIVEHC.LIB|DESKTOP ACBP=A9
 0001:0001C754 0000053F C=CODE    S=_TEXT    G=(none)   M=C:\FWH.13.02\LIB\FIVEHC.LIB|DIB ACBP=A9
 0001:0001CC94 000003A1 C=CODE    S=_TEXT    G=(none)   M=C:\FWH.13.02\LIB\FIVEHC.LIB|DIBBMP ACBP=A9
 0001:0001D038 00000220 C=CODE    S=_TEXT    G=(none)   M=C:\FWH.13.02\LIB\FIVEHC.LIB|DLG2CHR ACBP=A9
 0001:0001D258 000001CD C=CODE    S=_TEXT    G=(none)   M=C:\FWH.13.02\LIB\FIVEHC.LIB|DLOGBOX ACBP=A9
 0001:0001D428 00000034 C=CODE    S=_TEXT    G=(none)   M=C:\FWH.13.02\LIB\FIVEHC.LIB|DLL ACBP=A9
 0001:0001D45C 000002B5 C=CODE    S=_TEXT    G=(none)   M=C:\FWH.13.02\LIB\FIVEHC.LIB|DOTS ACBP=A9
 0001:0001D714 00000661 C=CODE    S=_TEXT    G=(none)   M=C:\FWH.13.02\LIB\FIVEHC.LIB|DRAWING ACBP=A9
 0001:0001DD78 00000103 C=CODE    S=_TEXT    G=(none)   M=C:\FWH.13.02\LIB\FIVEHC.LIB|DRAWITEM ACBP=A9
 0001:0001DE7C 000002FF C=CODE    S=_TEXT    G=(none)   M=C:\FWH.13.02\LIB\FIVEHC.LIB|DRIVES ACBP=A9
 0001:0001E17C 000000D0 C=CODE    S=_TEXT    G=(none)   M=C:\FWH.13.02\LIB\FIVEHC.LIB|DROPFILE ACBP=A9
 0001:0001E24C 00000244 C=CODE    S=_TEXT    G=(none)   M=C:\FWH.13.02\LIB\FIVEHC.LIB|FGETCLIP ACBP=A9
 0001:0001E490 00001398 C=CODE    S=_TEXT    G=(none)   M=C:\FWH.13.02\LIB\FIVEHC.LIB|FGETLINE ACBP=A9
 0001:0001F828 000000A9 C=CODE    S=_TEXT    G=(none)   M=C:\FWH.13.02\LIB\FIVEHC.LIB|FINDTEXT ACBP=A9
 0001:0001F8D4 000007BB C=CODE    S=_TEXT    G=(none)   M=C:\FWH.13.02\LIB\FIVEHC.LIB|FONTS ACBP=A9
 0001:00020090 000002D1 C=CODE    S=_TEXT    G=(none)   M=C:\FWH.13.02\LIB\FIVEHC.LIB|FTEXT ACBP=A9
 0001:00020364 00000552 C=CODE    S=_TEXT    G=(none)   M=C:\FWH.13.02\LIB\FIVEHC.LIB|FWARRAY ACBP=A9
 0001:000208B8 0000135C C=CODE    S=_TEXT    G=(none)   M=C:\FWH.13.02\LIB\FIVEHC.LIB|FWBMP ACBP=A9
 0001:00021C14 0000051B C=CODE    S=_TEXT    G=(none)   M=C:\FWH.13.02\LIB\FIVEHC.LIB|FWPALCTL ACBP=A9
 0001:00022130 0000006C C=CODE    S=_TEXT    G=(none)   M=C:\FWH.13.02\LIB\FIVEHC.LIB|GETDLGIT ACBP=A9
 0001:0002219C 000004C5 C=CODE    S=_TEXT    G=(none)   M=C:\FWH.13.02\LIB\FIVEHC.LIB|GETFILE ACBP=A9
 0001:00022664 000000DE C=CODE    S=_TEXT    G=(none)   M=C:\FWH.13.02\LIB\FIVEHC.LIB|GETPROCA ACBP=A9
 0001:00022744 0000005E C=CODE    S=_TEXT    G=(none)   M=C:\FWH.13.02\LIB\FIVEHC.LIB|GETSTKOB ACBP=A9
 0001:000227A4 000000F4 C=CODE    S=_TEXT    G=(none)   M=C:\FWH.13.02\LIB\FIVEHC.LIB|GETTEXT ACBP=A9
 0001:00022898 00000100 C=CODE    S=_TEXT    G=(none)   M=C:\FWH.13.02\LIB\FIVEHC.LIB|GETTEXTW ACBP=A9
 0001:00022998 000000C4 C=CODE    S=_TEXT    G=(none)   M=C:\FWH.13.02\LIB\FIVEHC.LIB|GETWND ACBP=A9
 0001:00022A5C 000004AA C=CODE    S=_TEXT    G=(none)   M=C:\FWH.13.02\LIB\FIVEHC.LIB|HANDLIST ACBP=A9
 0001:00022F08 00000270 C=CODE    S=_TEXT    G=(none)   M=C:\FWH.13.02\LIB\FIVEHC.LIB|HELP ACBP=A9
 0001:00023178 000000B8 C=CODE    S=_TEXT    G=(none)   M=C:\FWH.13.02\LIB\FIVEHC.LIB|HILOWORD ACBP=A9
 0001:00023230 00000615 C=CODE    S=_TEXT    G=(none)   M=C:\FWH.13.02\LIB\FIVEHC.LIB|ICONS ACBP=A9
 0001:00023848 000001FF C=CODE    S=_TEXT    G=(none)   M=C:\FWH.13.02\LIB\FIVEHC.LIB|IMAGELIS ACBP=A9
 0001:00023A48 00000119 C=CODE    S=_TEXT    G=(none)   M=C:\FWH.13.02\LIB\FIVEHC.LIB|INSTANCE ACBP=A9
 0001:00023B64 000001B0 C=CODE    S=_TEXT    G=(none)   M=C:\FWH.13.02\LIB\FIVEHC.LIB|KEYBRD ACBP=A9
 0001:00023D14 0000011F C=CODE    S=_TEXT    G=(none)   M=C:\FWH.13.02\LIB\FIVEHC.LIB|LBX ACBP=A9
 0001:00023E34 0000008D C=CODE    S=_TEXT    G=(none)   M=C:\FWH.13.02\LIB\FIVEHC.LIB|LOADBMP ACBP=A9
 0001:00023EC4 00000034 C=CODE    S=_TEXT    G=(none)   M=C:\FWH.13.02\LIB\FIVEHC.LIB|MAKELONG ACBP=A9
 0001:00023EF8 00000F15 C=CODE    S=_TEXT    G=(none)   M=C:\FWH.13.02\LIB\FIVEHC.LIB|MAPI ACBP=A9
 0001:00024E10 000001D5 C=CODE    S=_TEXT    G=(none)   M=C:\FWH.13.02\LIB\FIVEHC.LIB|MDI ACBP=A9
 0001:00024FE8 000001E8 C=CODE    S=_TEXT    G=(none)   M=C:\FWH.13.02\LIB\FIVEHC.LIB|MEM ACBP=A9
 0001:000251D0 0000072C C=CODE    S=_TEXT    G=(none)   M=C:\FWH.13.02\LIB\FIVEHC.LIB|MENUS ACBP=A9
 0001:000258FC 0000032C C=CODE    S=_TEXT    G=(none)   M=C:\FWH.13.02\LIB\FIVEHC.LIB|METAFILE ACBP=A9
 0001:00025C28 00000222 C=CODE    S=_TEXT    G=(none)   M=C:\FWH.13.02\LIB\FIVEHC.LIB|METAFI32 ACBP=A9
 0001:00025E4C 000000A1 C=CODE    S=_TEXT    G=(none)   M=C:\FWH.13.02\LIB\FIVEHC.LIB|MGETCREA ACBP=A9
 0001:00025EF0 000000A3 C=CODE    S=_TEXT    G=(none)   M=C:\FWH.13.02\LIB\FIVEHC.LIB|MKDIR ACBP=A9
 0001:00025F94 0000006A C=CODE    S=_TEXT    G=(none)   M=C:\FWH.13.02\LIB\FIVEHC.LIB|MOVETO ACBP=A9
 0001:00026000 0000001F C=CODE    S=_TEXT    G=(none)   M=C:\FWH.13.02\LIB\FIVEHC.LIB|MSGBEEP ACBP=A9
 0001:00026020 000008EA C=CODE    S=_TEXT    G=(none)   M=C:\FWH.13.02\LIB\FIVEHC.LIB|MSGS ACBP=A9
 0001:0002690C 00000143 C=CODE    S=_TEXT    G=(none)   M=C:\FWH.13.02\LIB\FIVEHC.LIB|MSGSAPI ACBP=A9
 0001:00026A50 00000403 C=CODE    S=_TEXT    G=(none)   M=C:\FWH.13.02\LIB\FIVEHC.LIB|MSGTOOLS ACBP=A9
 0001:00026E54 00000041 C=CODE    S=_TEXT    G=(none)   M=C:\FWH.13.02\LIB\FIVEHC.LIB|NOTIFY ACBP=A9
 0001:00026E98 000001BD C=CODE    S=_TEXT    G=(none)   M=C:\FWH.13.02\LIB\FIVEHC.LIB|OEMANSI ACBP=A9
 0001:00027058 000001E9 C=CODE    S=_TEXT    G=(none)   M=C:\FWH.13.02\LIB\FIVEHC.LIB|OR ACBP=A9
 0001:00027244 00000058 C=CODE    S=_TEXT    G=(none)   M=C:\FWH.13.02\LIB\FIVEHC.LIB|PAINT ACBP=A9
 0001:0002729C 0000005C C=CODE    S=_TEXT    G=(none)   M=C:\FWH.13.02\LIB\FIVEHC.LIB|PEEKMSG ACBP=A9
 0001:000272F8 00000C22 C=CODE    S=_TEXT    G=(none)   M=C:\FWH.13.02\LIB\FIVEHC.LIB|PRINTDC ACBP=A9
 0001:00027F1C 0000020F C=CODE    S=_TEXT    G=(none)   M=C:\FWH.13.02\LIB\FIVEHC.LIB|PROFILE ACBP=A9
 0001:0002812C 0000081B C=CODE    S=_TEXT    G=(none)   M=C:\FWH.13.02\LIB\FIVEHC.LIB|RECTS ACBP=A9
 0001:00028948 0000010D C=CODE    S=_TEXT    G=(none)   M=C:\FWH.13.02\LIB\FIVEHC.LIB|REGCLASS ACBP=A9
 0001:00028A58 00000391 C=CODE    S=_TEXT    G=(none)   M=C:\FWH.13.02\LIB\FIVEHC.LIB|REGEDIT ACBP=A9
 0001:00028DEC 000000AF C=CODE    S=_TEXT    G=(none)   M=C:\FWH.13.02\LIB\FIVEHC.LIB|REGIONS ACBP=A9
 0001:00028E9C 000002AD C=CODE    S=_TEXT    G=(none)   M=C:\FWH.13.02\LIB\FIVEHC.LIB|RESOURCE ACBP=A9
 0001:0002914C 00001A80 C=CODE    S=_TEXT    G=(none)   M=C:\FWH.13.02\LIB\FIVEHC.LIB|RIBBON ACBP=A9
 0001:0002ABCC 00002170 C=CODE    S=_TEXT    G=(none)   M=C:\FWH.13.02\LIB\FIVEHC.LIB|RICHEDIT ACBP=A9
 0001:0002CD3C 000001BA C=CODE    S=_TEXT    G=(none)   M=C:\FWH.13.02\LIB\FIVEHC.LIB|SCROLL ACBP=A9
 0001:0002CEF8 00000023 C=CODE    S=_TEXT    G=(none)   M=C:\FWH.13.02\LIB\FIVEHC.LIB|SELOBJEC ACBP=A9
 0001:0002CF1C 00000057 C=CODE    S=_TEXT    G=(none)   M=C:\FWH.13.02\LIB\FIVEHC.LIB|SETMAPMO ACBP=A9
 0001:0002CF74 00000048 C=CODE    S=_TEXT    G=(none)   M=C:\FWH.13.02\LIB\FIVEHC.LIB|SETTEXT ACBP=A9
 0001:0002CFBC 00000047 C=CODE    S=_TEXT    G=(none)   M=C:\FWH.13.02\LIB\FIVEHC.LIB|STRING ACBP=A9
 0001:0002D004 000002BE C=CODE    S=_TEXT    G=(none)   M=C:\FWH.13.02\LIB\FIVEHC.LIB|STRTOKEN ACBP=A9
 0001:0002D2C4 00000303 C=CODE    S=_TEXT    G=(none)   M=C:\FWH.13.02\LIB\FIVEHC.LIB|TEXT ACBP=A9
 0001:0002D5C8 00000FF1 C=CODE    S=_TEXT    G=(none)   M=C:\FWH.13.02\LIB\FIVEHC.LIB|THEMES ACBP=A9
 0001:0002E5BC 00000069 C=CODE    S=_TEXT    G=(none)   M=C:\FWH.13.02\LIB\FIVEHC.LIB|TIMERS ACBP=A9
 0001:0002E628 00000178 C=CODE    S=_TEXT    G=(none)   M=C:\FWH.13.02\LIB\FIVEHC.LIB|WINDOWS ACBP=A9
 0001:0002E7A0 000001E6 C=CODE    S=_TEXT    G=(none)   M=C:\FWH.13.02\LIB\FIVEHC.LIB|WINEXEC ACBP=A9
 0001:0002E988 000000A9 C=CODE    S=_TEXT    G=(none)   M=C:\FWH.13.02\LIB\FIVEHC.LIB|WMOUSE ACBP=A9
 0001:0002EA34 00000731 C=CODE    S=_TEXT    G=(none)   M=C:\FWH.13.02\LIB\FIVEHC.LIB|WNDBOXES ACBP=A9
 0001:0002F168 000001AB C=CODE    S=_TEXT    G=(none)   M=C:\FWH.13.02\LIB\FIVEHC.LIB|WNDCENTE ACBP=A9
 0001:0002F314 00000033 C=CODE    S=_TEXT    G=(none)   M=C:\FWH.13.02\LIB\FIVEHC.LIB|WNDDESTR ACBP=A9
 0001:0002F348 000004EC C=CODE    S=_TEXT    G=(none)   M=C:\FWH.13.02\LIB\FIVEHC.LIB|WNDIS ACBP=A9
 0001:0002F834 0000007B C=CODE    S=_TEXT    G=(none)   M=C:\FWH.13.02\LIB\FIVEHC.LIB|WNDISOVE ACBP=A9
 0001:0002F8B0 00000B7F C=CODE    S=_TEXT    G=(none)   M=C:\FWH.13.02\LIB\FIVEHC.LIB|WNDMOVE ACBP=A9
 0001:00030430 00000050 C=CODE    S=_TEXT    G=(none)   M=C:\FWH.13.02\LIB\FIVEHC.LIB|WNDPOS ACBP=A9
 0001:00030480 000001F7 C=CODE    S=_TEXT    G=(none)   M=C:\FWH.13.02\LIB\FIVEHC.LIB|WNDPRINT ACBP=A9
 0001:00030678 000002F8 C=CODE    S=_TEXT    G=(none)   M=C:\FWH.13.02\LIB\FIVEHC.LIB|WNDSAY ACBP=A9
 0001:00030970 00000240 C=CODE    S=_TEXT    G=(none)   M=C:\FWH.13.02\LIB\FIVEHC.LIB|WNDSCROL ACBP=A9
 0001:00030BB0 0000003B C=CODE    S=_TEXT    G=(none)   M=C:\FWH.13.02\LIB\FIVEHC.LIB|WNDUPDAT ACBP=A9
 0001:00030BEC 000001A8 C=CODE    S=_TEXT    G=(none)   M=C:\XHB121\LIB\RTL.LIB|abs ACBP=A9
 0001:00030D94 0000030D C=CODE    S=_TEXT    G=(none)   M=C:\XHB121\LIB\RTL.LIB|at ACBP=A9
 0001:000310A4 00000219 C=CODE    S=_TEXT    G=(none)   M=C:\XHB121\LIB\RTL.LIB|binnum ACBP=A9
 0001:000312C0 0000257E C=CODE    S=_TEXT    G=(none)   M=C:\XHB121\LIB\RTL.LIB|cdpapi ACBP=A9
 0001:00033840 000000B3 C=CODE    S=_TEXT    G=(none)   M=C:\XHB121\LIB\RTL.LIB|chrasc ACBP=A9
 0001:000338F4 000000D3 C=CODE    S=_TEXT    G=(none)   M=C:\XHB121\LIB\RTL.LIB|colorind ACBP=A9
 0001:000339C8 00000B79 C=CODE    S=_TEXT    G=(none)   M=C:\XHB121\LIB\RTL.LIB|console ACBP=A9
 0001:00034544 0000015B C=CODE    S=_TEXT    G=(none)   M=C:\XHB121\LIB\RTL.LIB|datec ACBP=A9
 0001:000346A0 00001040 C=CODE    S=_TEXT    G=(none)   M=C:\XHB121\LIB\RTL.LIB|dateshb ACBP=A9
 0001:000356E0 0000081C C=CODE    S=_TEXT    G=(none)   M=C:\XHB121\LIB\RTL.LIB|direct ACBP=A9
 0001:00035EFC 00000224 C=CODE    S=_TEXT    G=(none)   M=C:\XHB121\LIB\RTL.LIB|empty ACBP=A9
 0001:00036120 00000154 C=CODE    S=_TEXT    G=(none)   M=C:\XHB121\LIB\RTL.LIB|file ACBP=A9
 0001:00036274 00000C39 C=CODE    S=_TEXT    G=(none)   M=C:\XHB121\LIB\RTL.LIB|filebuf ACBP=A9
 0001:00036EB0 00000074 C=CODE    S=_TEXT    G=(none)   M=C:\XHB121\LIB\RTL.LIB|filehb ACBP=A9
 0001:00036F24 00001D92 C=CODE    S=_TEXT    G=(none)   M=C:\XHB121\LIB\RTL.LIB|filesys ACBP=A9
 0001:00038CB8 000000D5 C=CODE    S=_TEXT    G=(none)   M=C:\XHB121\LIB\RTL.LIB|fserror ACBP=A9
 0001:00038D90 000000D0 C=CODE    S=_TEXT    G=(none)   M=C:\XHB121\LIB\RTL.LIB|fnsplit ACBP=A9
 0001:00038E60 00000945 C=CODE    S=_TEXT    G=(none)   M=C:\XHB121\LIB\RTL.LIB|fparse ACBP=A9
 0001:000397A8 00000107 C=CODE    S=_TEXT    G=(none)   M=C:\XHB121\LIB\RTL.LIB|fssize ACBP=A9
 0001:000398B0 000003EF C=CODE    S=_TEXT    G=(none)   M=C:\XHB121\LIB\RTL.LIB|fstemp ACBP=A9
 0001:00039CA0 00000116 C=CODE    S=_TEXT    G=(none)   M=C:\XHB121\LIB\RTL.LIB|gete ACBP=A9
 0001:00039DB8 00000028 C=CODE    S=_TEXT    G=(none)   M=C:\XHB121\LIB\RTL.LIB|gt ACBP=A9
 0001:00039DE0 00000F42 C=CODE    S=_TEXT    G=(none)   M=C:\XHB121\LIB\RTL.LIB|gtapi ACBP=A9
 0001:0003AD24 000002B7 C=CODE    S=_TEXT    G=(none)   M=C:\XHB121\LIB\RTL.LIB|gtclip ACBP=A9
 0001:0003AFDC 00000001 C=CODE    S=_TEXT    G=(none)   M=C:\XHB121\LIB\RTL.LIB|gtsys ACBP=A9
 0001:0003AFE0 00000496 C=CODE    S=_TEXT    G=(none)   M=C:\XHB121\LIB\RTL.LIB|hbbitf ACBP=A9
 0001:0003B478 000007F7 C=CODE    S=_TEXT    G=(none)   M=C:\XHB121\LIB\RTL.LIB|hbserv ACBP=A9
 0001:0003BC70 000007F9 C=CODE    S=_TEXT    G=(none)   M=C:\XHB121\LIB\RTL.LIB|hbffind ACBP=A9
 0001:0003C46C 00003D71 C=CODE    S=_TEXT    G=(none)   M=C:\XHB121\LIB\RTL.LIB|hbgtcore ACBP=A9
 0001:000401E0 0000049D C=CODE    S=_TEXT    G=(none)   M=C:\XHB121\LIB\RTL.LIB|hbhex2n ACBP=A9
 0001:00040680 000002C0 C=CODE    S=_TEXT    G=(none)   M=C:\XHB121\LIB\RTL.LIB|hbrandom ACBP=A9
 0001:00040940 0000060E C=CODE    S=_TEXT    G=(none)   M=C:\XHB121\LIB\RTL.LIB|hbtoken ACBP=A9
 0001:00040F50 00000476 C=CODE    S=_TEXT    G=(none)   M=C:\XHB121\LIB\RTL.LIB|idle ACBP=A9
 0001:000413C8 00000487 C=CODE    S=_TEXT    G=(none)   M=C:\XHB121\LIB\RTL.LIB|inkey ACBP=A9
 0001:00041850 00000119 C=CODE    S=_TEXT    G=(none)   M=C:\XHB121\LIB\RTL.LIB|inkeyapi ACBP=A9
 0001:0004196C 00000486 C=CODE    S=_TEXT    G=(none)   M=C:\XHB121\LIB\RTL.LIB|is ACBP=A9
 0001:00041DF4 0000029F C=CODE    S=_TEXT    G=(none)   M=C:\XHB121\LIB\RTL.LIB|langapi ACBP=A9
 0001:00042094 000000C0 C=CODE    S=_TEXT    G=(none)   M=C:\XHB121\LIB\RTL.LIB|left ACBP=A9
 0001:00042154 0000008D C=CODE    S=_TEXT    G=(none)   M=C:\XHB121\LIB\RTL.LIB|len ACBP=A9
 0001:000421E4 00000A44 C=CODE    S=_TEXT    G=(none)   M=C:\XHB121\LIB\RTL.LIB|math ACBP=A9
 0001:00042C28 00000207 C=CODE    S=_TEXT    G=(none)   M=C:\XHB121\LIB\RTL.LIB|memofile ACBP=A9
 0001:00042E30 0000057D C=CODE    S=_TEXT    G=(none)   M=C:\XHB121\LIB\RTL.LIB|minmax ACBP=A9
 0001:000433B0 0000099A C=CODE    S=_TEXT    G=(none)   M=C:\XHB121\LIB\RTL.LIB|mlcfunc ACBP=A9
 0001:00043D4C 00000071 C=CODE    S=_TEXT    G=(none)   M=C:\XHB121\LIB\RTL.LIB|net ACBP=A9
 0001:00043DC0 00000006 C=CODE    S=_TEXT    G=(none)   M=C:\XHB121\LIB\RTL.LIB|pad ACBP=A9
 0001:00043DC8 00000141 C=CODE    S=_TEXT    G=(none)   M=C:\XHB121\LIB\RTL.LIB|padc ACBP=A9
 0001:00043F0C 0000010F C=CODE    S=_TEXT    G=(none)   M=C:\XHB121\LIB\RTL.LIB|padl ACBP=A9
 0001:0004401C 00000108 C=CODE    S=_TEXT    G=(none)   M=C:\XHB121\LIB\RTL.LIB|padr ACBP=A9
 0001:00044124 00000D27 C=CODE    S=_TEXT    G=(none)   M=C:\XHB121\LIB\RTL.LIB|philes ACBP=A9
 0001:00044E4C 0000008D C=CODE    S=_TEXT    G=(none)   M=C:\XHB121\LIB\RTL.LIB|philesx ACBP=A9
 0001:00044EDC 000000F8 C=CODE    S=_TEXT    G=(none)   M=C:\XHB121\LIB\RTL.LIB|rat ACBP=A9
 0001:00044FD4 00000138 C=CODE    S=_TEXT    G=(none)   M=C:\XHB121\LIB\RTL.LIB|replic ACBP=A9
 0001:0004510C 00000087 C=CODE    S=_TEXT    G=(none)   M=C:\XHB121\LIB\RTL.LIB|right ACBP=A9
 0001:00045194 00000132 C=CODE    S=_TEXT    G=(none)   M=C:\XHB121\LIB\RTL.LIB|round ACBP=A9
 0001:000452C8 00000210 C=CODE    S=_TEXT    G=(none)   M=C:\XHB121\LIB\RTL.LIB|samples ACBP=A9
 0001:000454D8 000002E4 C=CODE    S=_TEXT    G=(none)   M=C:\XHB121\LIB\RTL.LIB|seconds ACBP=A9
 0001:000457BC 000011EA C=CODE    S=_TEXT    G=(none)   M=C:\XHB121\LIB\RTL.LIB|regex ACBP=A9
 0001:000469A8 00000155 C=CODE    S=_TEXT    G=(none)   M=C:\XHB121\LIB\RTL.LIB|setcolor ACBP=A9
 0001:00046B00 00000064 C=CODE    S=_TEXT    G=(none)   M=C:\XHB121\LIB\RTL.LIB|setcurs ACBP=A9
 0001:00046B64 000005A1 C=CODE    S=_TEXT    G=(none)   M=C:\XHB121\LIB\RTL.LIB|setkey ACBP=A9
 0001:00047108 0000008D C=CODE    S=_TEXT    G=(none)   M=C:\XHB121\LIB\RTL.LIB|setpos ACBP=A9
 0001:00047198 0000002A C=CODE    S=_TEXT    G=(none)   M=C:\XHB121\LIB\RTL.LIB|setposbs ACBP=A9
 0001:000471C4 00000086 C=CODE    S=_TEXT    G=(none)   M=C:\XHB121\LIB\RTL.LIB|space ACBP=A9
 0001:0004724C 000002FA C=CODE    S=_TEXT    G=(none)   M=C:\XHB121\LIB\RTL.LIB|spfiles ACBP=A9
 0001:00047548 00000226 C=CODE    S=_TEXT    G=(none)   M=C:\XHB121\LIB\RTL.LIB|str ACBP=A9
 0001:00047770 0000034E C=CODE    S=_TEXT    G=(none)   M=C:\XHB121\LIB\RTL.LIB|strcase ACBP=A9
 0001:00047AC0 00000141 C=CODE    S=_TEXT    G=(none)   M=C:\XHB121\LIB\RTL.LIB|strdel ACBP=A9
 0001:00047C04 00000035 C=CODE    S=_TEXT    G=(none)   M=C:\XHB121\LIB\RTL.LIB|strings ACBP=A9
 0001:00047C3C 00000691 C=CODE    S=_TEXT    G=(none)   M=C:\XHB121\LIB\RTL.LIB|strmatch ACBP=A9
 0001:000482D0 00000306 C=CODE    S=_TEXT    G=(none)   M=C:\XHB121\LIB\RTL.LIB|strtran ACBP=A9
 0001:000485D8 00000143 C=CODE    S=_TEXT    G=(none)   M=C:\XHB121\LIB\RTL.LIB|strzero ACBP=A9
 0001:0004871C 0000017E C=CODE    S=_TEXT    G=(none)   M=C:\XHB121\LIB\RTL.LIB|stuff ACBP=A9
 0001:0004889C 00000143 C=CODE    S=_TEXT    G=(none)   M=C:\XHB121\LIB\RTL.LIB|substr ACBP=A9
 0001:000489E0 00001168 C=CODE    S=_TEXT    G=(none)   M=C:\XHB121\LIB\RTL.LIB|tprinter ACBP=A9
 0001:00049B48 000001B0 C=CODE    S=_TEXT    G=(none)   M=C:\XHB121\LIB\RTL.LIB|trace ACBP=A9
 0001:00049CF8 00001C44 C=CODE    S=_TEXT    G=(none)   M=C:\XHB121\LIB\RTL.LIB|transfrm ACBP=A9
 0001:0004B93C 0000023A C=CODE    S=_TEXT    G=(none)   M=C:\XHB121\LIB\RTL.LIB|trim ACBP=A9
 0001:0004BB78 0000006E C=CODE    S=_TEXT    G=(none)   M=C:\XHB121\LIB\RTL.LIB|type ACBP=A9
 0001:0004BBE8 00000091 C=CODE    S=_TEXT    G=(none)   M=C:\XHB121\LIB\RTL.LIB|val ACBP=A9
 0001:0004BC7C 0000042E C=CODE    S=_TEXT    G=(none)   M=C:\XHB121\LIB\RTL.LIB|valtype ACBP=A9
 0001:0004C0AC 0000039E C=CODE    S=_TEXT    G=(none)   M=C:\XHB121\LIB\RTL.LIB|version ACBP=A9
 0001:0004C44C 0000004A C=CODE    S=_TEXT    G=(none)   M=C:\XHB121\LIB\RTL.LIB|word ACBP=A9
 0001:0004C498 0000005C C=CODE    S=_TEXT    G=(none)   M=C:\XHB121\LIB\RTL.LIB|xhelp ACBP=A9
 0001:0004C4F4 000000E4 C=CODE    S=_TEXT    G=(none)   M=C:\XHB121\LIB\RTL.LIB|xsavescr ACBP=A9
 0001:0004C5D8 00000164 C=CODE    S=_TEXT    G=(none)   M=C:\XHB121\LIB\RTL.LIB|cstr ACBP=A9
 0001:0004C73C 0000004C C=CODE    S=_TEXT    G=(none)   M=C:\XHB121\LIB\RTL.LIB|memvarbl ACBP=A9
 0001:0004C788 000001DC C=CODE    S=_TEXT    G=(none)   M=C:\XHB121\LIB\RTL.LIB|objfunc ACBP=A9
 0001:0004C964 00000204 C=CODE    S=_TEXT    G=(none)   M=C:\XHB121\LIB\RTL.LIB|tclass ACBP=A9
 0001:0004CB68 000003D4 C=CODE    S=_TEXT    G=(none)   M=C:\XHB121\LIB\RTL.LIB|tget ACBP=A9
 0001:0004CF3C 000001A3 C=CODE    S=_TEXT    G=(none)   M=C:\XHB121\LIB\RTL.LIB|tobject ACBP=A9
 0001:0004D0E0 00000060 C=CODE    S=_TEXT    G=(none)   M=C:\XHB121\LIB\RTL.LIB|traceprg ACBP=A9
 0001:0004D140 0000026E C=CODE    S=_TEXT    G=(none)   M=C:\XHB121\LIB\RTL.LIB|tscalar ACBP=A9
 0001:0004D3B0 00000240 C=CODE    S=_TEXT    G=(none)   M=C:\XHB121\LIB\RTL.LIB|win32ole ACBP=A9
 0001:0004D5F0 00002758 C=CODE    S=_TEXT    G=(none)   M=C:\XHB121\LIB\RTL.LIB|hbwinole ACBP=A9
 0001:0004FD48 00038792 C=CODE    S=_TEXT    G=(none)   M=C:\XHB121\LIB\VM.LIB|hvmall ACBP=A9
 0001:000884DC 000005C7 C=CODE    S=_TEXT    G=(none)   M=C:\XHB121\LIB\VM.LIB|cmdarg ACBP=A9
 0001:00088AA4 000011C5 C=CODE    S=_TEXT    G=(none)   M=C:\XHB121\LIB\VM.LIB|hbi18n ACBP=A9
 0001:00089C6C 00000014 C=CODE    S=_TEXT    G=(none)   M=C:\XHB121\LIB\VM.LIB|break ACBP=A9
 0001:00089C80 00000019 C=CODE    S=_TEXT    G=(none)   M=C:\XHB121\LIB\VM.LIB|initsymb ACBP=A9
 0001:00089C9C 00000076 C=CODE    S=_TEXT    G=(none)   M=C:\XHB121\LIB\VM.LIB|throw ACBP=A9
 0001:00089D14 00000100 C=CODE    S=_TEXT    G=(none)   M=C:\XHB121\LIB\VM.LIB|harbinit ACBP=A9
 0001:00089E14 00000660 C=CODE    S=_TEXT    G=(none)   M=C:\XHB121\LIB\VM.LIB|bkgtsks ACBP=A9
 0001:0008A474 0000012C C=CODE    S=_TEXT    G=(none)   M=C:\XHB121\LIB\VM.LIB|mainwin ACBP=A9
 0001:0008A5A0 00000010 C=CODE    S=_TEXT    G=(none)   M=C:\XHB121\LIB\LANG.LIB|msgen ACBP=A9
 0001:0008A5B0 00002A19 C=CODE    S=_TEXT    G=(none)   M=C:\XHB121\LIB\MACRO.LIB|macroy ACBP=A9
 0001:0008CFCC 00000341 C=CODE    S=_TEXT    G=(none)   M=C:\XHB121\LIB\MACRO.LIB|macroa ACBP=A9
 0001:0008D310 00005B9D C=CODE    S=_TEXT    G=(none)   M=C:\XHB121\LIB\MACRO.LIB|macrob ACBP=A9
 0001:00092EB0 000007EC C=CODE    S=_TEXT    G=(none)   M=C:\XHB121\LIB\MACRO.LIB|macroc ACBP=A9
 0001:0009369C 00002349 C=CODE    S=_TEXT    G=(none)   M=C:\XHB121\LIB\MACRO.LIB|macroslx ACBP=A9
 0001:000959E8 000037E5 C=CODE    S=_TEXT    G=(none)   M=C:\XHB121\LIB\RDD.LIB|dbcmd ACBP=A9
 0001:000991D0 000025AA C=CODE    S=_TEXT    G=(none)   M=C:\XHB121\LIB\RDD.LIB|workarea ACBP=A9
 0001:0009B77C 00000867 C=CODE    S=_TEXT    G=(none)   M=C:\XHB121\LIB\RDD.LIB|wacore ACBP=A9
 0001:0009BFE4 000014B6 C=CODE    S=_TEXT    G=(none)   M=C:\XHB121\LIB\RDD.LIB|wafunc ACBP=A9
 0001:0009D49C 0000837C C=CODE    S=_TEXT    G=(none)   M=C:\XHB121\LIB\RDD.LIB|dbf1 ACBP=A9
 0001:000A5818 0000069F C=CODE    S=_TEXT    G=(none)   M=C:\XHB121\LIB\RDD.LIB|hbdbsort ACBP=A9
 0001:000A5EB8 000000D8 C=CODE    S=_TEXT    G=(none)   M=C:\XHB121\LIB\RDD.LIB|rddord ACBP=A9
 0001:000A5F90 0000004C C=CODE    S=_TEXT    G=(none)   M=C:\XHB121\LIB\RDD.LIB|rddsys ACBP=A9
 0001:000A5FDC 0000AB40 C=CODE    S=_TEXT    G=(none)   M=C:\XHB121\LIB\DBFNTX.LIB|dbfntx1 ACBP=A9
 0001:000B0B1C 00007584 C=CODE    S=_TEXT    G=(none)   M=C:\XHB121\LIB\DBFFPT.LIB|dbffpt1 ACBP=A9
 0001:000B80A0 000003BF C=CODE    S=_TEXT    G=(none)   M=C:\XHB121\LIB\HBSIX.LIB|sxcrypt ACBP=A9
 0001:000B8460 000000F8 C=CODE    S=_TEXT    G=(none)   M=C:\XHB121\LIB\HBSIX.LIB|sxdate ACBP=A9
 0001:000B8558 0000003F C=CODE    S=_TEXT    G=(none)   M=C:\XHB121\LIB\COMMON.LIB|hbfopen ACBP=A9
 0001:000B8598 000003DF C=CODE    S=_TEXT    G=(none)   M=C:\XHB121\LIB\COMMON.LIB|hbfsapi ACBP=A9
 0001:000B8978 000000F7 C=CODE    S=_TEXT    G=(none)   M=C:\XHB121\LIB\COMMON.LIB|hbgete ACBP=A9
 0001:000B8A70 000005CA C=CODE    S=_TEXT    G=(none)   M=C:\XHB121\LIB\COMMON.LIB|hbmem ACBP=A9
 0001:000B903C 0000113C C=CODE    S=_TEXT    G=(none)   M=C:\XHB121\LIB\COMMON.LIB|hbstr ACBP=A9
 0001:000BA178 00001AA1 C=CODE    S=_TEXT    G=(none)   M=C:\XHB121\LIB\COMMON.LIB|hbprintf ACBP=A9
 0001:000BBC1C 00000225 C=CODE    S=_TEXT    G=(none)   M=C:\XHB121\LIB\COMMON.LIB|hbtrace ACBP=A9
 0001:000BBE44 00001022 C=CODE    S=_TEXT    G=(none)   M=C:\XHB121\LIB\COMMON.LIB|hbver ACBP=A9
 0001:000BCE68 00000AC6 C=CODE    S=_TEXT    G=(none)   M=C:\XHB121\LIB\COMMON.LIB|expropt1 ACBP=A9
 0001:000BD930 0000135B C=CODE    S=_TEXT    G=(none)   M=C:\XHB121\LIB\COMMON.LIB|expropt2 ACBP=A9
 0001:000BEC8C 00000060 C=CODE    S=_TEXT    G=(none)   M=C:\XHB121\LIB\COMMON.LIB|reserved ACBP=A9
 0001:000BECEC 0000184F C=CODE    S=_TEXT    G=(none)   M=C:\XHB121\LIB\COMMON.LIB|hbdate ACBP=A9
 0001:000C053C 00000181 C=CODE    S=_TEXT    G=(none)   M=C:\XHB121\LIB\COMMON.LIB|hbwince ACBP=A9
 0001:000C06C0 00007A00 C=CODE    S=_TEXT    G=(none)   M=C:\XHB121\LIB\PCREPOS.LIB|pcre_compile ACBP=A9
 0001:000C80C0 0000B70F C=CODE    S=_TEXT    G=(none)   M=C:\XHB121\LIB\PCREPOS.LIB|pcre_exec ACBP=A9
 0001:000D37D0 0000025E C=CODE    S=_TEXT    G=(none)   M=C:\XHB121\LIB\PCREPOS.LIB|pcre_fullinfo ACBP=A9
 0001:000D3A30 000003D7 C=CODE    S=_TEXT    G=(none)   M=C:\XHB121\LIB\PCREPOS.LIB|pcre_newline ACBP=A9
 0001:000D3E08 0000004F C=CODE    S=_TEXT    G=(none)   M=C:\XHB121\LIB\PCREPOS.LIB|pcre_ord2utf8 ACBP=A9
 0001:000D3E58 00000428 C=CODE    S=_TEXT    G=(none)   M=C:\XHB121\LIB\PCREPOS.LIB|pcre_valid_utf8 ACBP=A9
 0001:000D4280 00000016 C=CODE    S=_TEXT    G=(none)   M=C:\XHB121\LIB\PCREPOS.LIB|pcre_version ACBP=A9
 0001:000D4298 00000415 C=CODE    S=_TEXT    G=(none)   M=C:\XHB121\LIB\PCREPOS.LIB|pcre_xclass ACBP=A9
 0001:000D46B0 000003C5 C=CODE    S=_TEXT    G=(none)   M=C:\XHB121\LIB\PCREPOS.LIB|pcreposix ACBP=A9
 0001:000D4A78 00000028 C=CODE    S=_TEXT    G=(none)   M=C:\BCC582\LIB\CW32.LIB|delaop ACBP=A9
 0001:000D4AA0 0000002E C=CODE    S=_TEXT    G=(none)   M=C:\BCC582\LIB\CW32.LIB|delop ACBP=A9
 0001:000D4AD0 000000E3 C=CODE    S=_TEXT    G=(none)   M=C:\BCC582\LIB\CW32.LIB|exceptio ACBP=A9
 0001:000D4BB3 00000079 C=CODE    S=_TEXT    G=(none)   M=C:\BCC582\LIB\CW32.LIB|gccex ACBP=A9
 0001:000D4C2C 000019E8 C=CODE    S=_TEXT    G=(none)   M=C:\BCC582\LIB\CW32.LIB|ios ACBP=A9
 0001:000D6614 00003492 C=CODE    S=_TEXT    G=(none)   M=C:\BCC582\LIB\CW32.LIB|iostream ACBP=A9
 0001:000D9A80 00000323 C=CODE    S=_TEXT    G=(none)   M=C:\BCC582\LIB\CW32.LIB|dwlocale ACBP=A9
 0001:000D9D7C 00001A78 C=CODE    S=_TEXT    G=(none)   M=C:\BCC582\LIB\CW32.LIB|locale0 ACBP=A9
 0001:000DB7F4 0000001B C=CODE    S=_TEXT    G=(none)   M=C:\BCC582\LIB\CW32.LIB|new ACBP=A9
 0001:000DB7F4 00000074 C=CODE    S=_TEXT    G=(none)   M=C:\BCC582\LIB\CW32.LIB|newaop ACBP=A9
 0001:000DB81C 0000011E C=CODE    S=_TEXT    G=(none)   M=C:\BCC582\LIB\CW32.LIB|newop ACBP=A9
 0001:000DB917 000005AA C=CODE    S=_TEXT    G=(none)   M=C:\BCC582\LIB\CW32.LIB|string ACBP=A9
 0001:000DBE9C 00002FD6 C=CODE    S=_TEXT    G=(none)   M=C:\BCC582\LIB\CW32.LIB|wiostrea ACBP=A9
 0001:000DEE4C 0000019D C=CODE    S=_TEXT    G=(none)   M=C:\BCC582\LIB\CW32.LIB|wlocale ACBP=A9
 0001:000DEFC1 000000D4 C=CODE    S=_TEXT    G=(none)   M=C:\BCC582\LIB\CW32.LIB|xlocinfo ACBP=A9
 0001:000DF098 00000110 C=CODE    S=_TEXT    G=(none)   M=C:\BCC582\LIB\CW32.LIB|xstart ACBP=A9
 0001:000DF1A8 00000057 C=CODE    S=_TEXT    G=(none)   M=C:\BCC582\LIB\CW32.LIB|wchar ACBP=A9
 0001:000DF200 00000111 C=CODE    S=_TEXT    G=(none)   M=C:\BCC582\LIB\CW32.LIB|virtmem ACBP=A9
 0001:000DF314 0000014B C=CODE    S=_TEXT    G=(none)   M=C:\BCC582\LIB\CW32.LIB|hrdir_b ACBP=A9
 0001:000DF460 00000020 C=CODE    S=_TEXT    G=(none)   M=C:\BCC582\LIB\CW32.LIB|hrdir_mf ACBP=A9
 0001:000DF480 000000B8 C=CODE    S=_TEXT    G=(none)   M=C:\BCC582\LIB\CW32.LIB|hrdir_s ACBP=A9
 0001:000DF538 00000001 C=CODE    S=_TEXT    G=(none)   M=C:\BCC582\LIB\CW32.LIB|hrdir_us ACBP=A9
 0001:000DF53C 000009E4 C=CODE    S=_TEXT    G=(none)   M=C:\BCC582\LIB\CW32.LIB|heap ACBP=A9
 0001:000DFF20 00000292 C=CODE    S=_TEXT    G=(none)   M=C:\BCC582\LIB\CW32.LIB|realloc ACBP=A9
 0001:000E01B4 00000001 C=CODE    S=_TEXT    G=(none)   M=C:\BCC582\LIB\CW32.LIB|crtlst_i ACBP=A9
 0001:000E01B8 00000001 C=CODE    S=_TEXT    G=(none)   M=C:\BCC582\LIB\CW32.LIB|crtlst_l ACBP=A9
 0001:000E01BC 0000001E C=CODE    S=_TEXT    G=(none)   M=C:\BCC582\LIB\CW32.LIB|memchr ACBP=A9
 0001:000E01DC 00000024 C=CODE    S=_TEXT    G=(none)   M=C:\BCC582\LIB\CW32.LIB|memcpy ACBP=A9
 0001:000E0200 00000024 C=CODE    S=_TEXT    G=(none)   M=C:\BCC582\LIB\CW32.LIB|wmemcpy ACBP=A9
 0001:000E0224 0000004A C=CODE    S=_TEXT    G=(none)   M=C:\BCC582\LIB\CW32.LIB|memmove ACBP=A9
 0001:000E0270 0000008F C=CODE    S=_TEXT    G=(none)   M=C:\BCC582\LIB\CW32.LIB|memset ACBP=A9
 0001:000E0300 00000018 C=CODE    S=_TEXT    G=(none)   M=C:\BCC582\LIB\CW32.LIB|wmemset ACBP=A9
 0001:000E0318 0000003C C=CODE    S=_TEXT    G=(none)   M=C:\BCC582\LIB\CW32.LIB|strcat ACBP=A9
 0001:000E0354 00000053 C=CODE    S=_TEXT    G=(none)   M=C:\BCC582\LIB\CW32.LIB|strchr ACBP=A9
 0001:000E03A8 0000004D C=CODE    S=_TEXT    G=(none)   M=C:\BCC582\LIB\CW32.LIB|strcmp ACBP=A9
 0001:000E03F8 00000035 C=CODE    S=_TEXT    G=(none)   M=C:\BCC582\LIB\CW32.LIB|strcpy ACBP=A9
 0001:000E0430 0000005A C=CODE    S=_TEXT    G=(none)   M=C:\BCC582\LIB\CW32.LIB|strlen ACBP=A9
 0001:000E048C 0000006E C=CODE    S=_TEXT    G=(none)   M=C:\BCC582\LIB\CW32.LIB|strncat ACBP=A9
 0001:000E04FC 00000027 C=CODE    S=_TEXT    G=(none)   M=C:\BCC582\LIB\CW32.LIB|strncmp ACBP=A9
 0001:000E0524 0000006C C=CODE    S=_TEXT    G=(none)   M=C:\BCC582\LIB\CW32.LIB|memcmp ACBP=A9
 0001:000E0590 00000032 C=CODE    S=_TEXT    G=(none)   M=C:\BCC582\LIB\CW32.LIB|strdup ACBP=A9
 0001:000E05C4 0000009F C=CODE    S=_TEXT    G=(none)   M=C:\BCC582\LIB\CW32.LIB|strerror ACBP=A9
 0001:000E0664 0000004F C=CODE    S=_TEXT    G=(none)   M=C:\BCC582\LIB\CW32.LIB|strncpy ACBP=A9
 0001:000E06B4 0000002B C=CODE    S=_TEXT    G=(none)   M=C:\BCC582\LIB\CW32.LIB|strpbrk ACBP=A9
 0001:000E06E0 00000029 C=CODE    S=_TEXT    G=(none)   M=C:\BCC582\LIB\CW32.LIB|strrchr ACBP=A9
 0001:000E070C 00000054 C=CODE    S=_TEXT    G=(none)   M=C:\BCC582\LIB\CW32.LIB|strstr ACBP=A9
 0001:000E0760 00000037 C=CODE    S=_TEXT    G=(none)   M=C:\BCC582\LIB\CW32.LIB|_stpcpy ACBP=A9
 0001:000E0798 00000018 C=CODE    S=_TEXT    G=(none)   M=C:\BCC582\LIB\CW32.LIB|wcslen ACBP=A9
 0001:000E07B0 0000003F C=CODE    S=_TEXT    G=(none)   M=C:\BCC582\LIB\CW32.LIB|wcscpy ACBP=A9
 0001:000E07F0 00000070 C=CODE    S=_TEXT    G=(none)   M=C:\BCC582\LIB\CW32.LIB|xxa ACBP=A9
 0001:000E0860 00000844 C=CODE    S=_TEXT    G=(none)   M=C:\BCC582\LIB\CW32.LIB|xxtype ACBP=A9
 0001:000E107E 0000005B C=CODE    S=_TEXT    G=(none)   M=C:\BCC582\LIB\CW32.LIB|xxut ACBP=A9
 0001:000E10A8 0000014F C=CODE    S=_TEXT    G=(none)   M=C:\BCC582\LIB\CW32.LIB|xxv ACBP=A9
 0001:000E11F8 0000000A C=CODE    S=_TEXT    G=(none)   M=C:\BCC582\LIB\CW32.LIB|defhandl ACBP=A9
 0001:000E1204 00000199 C=CODE    S=_TEXT    G=(none)   M=C:\BCC582\LIB\CW32.LIB|except ACBP=A9
 0001:000E13A0 00000046 C=CODE    S=_TEXT    G=(none)   M=C:\BCC582\LIB\CW32.LIB|setexc ACBP=A9
 0001:000E13E8 00000022 C=CODE    S=_TEXT    G=(none)   M=C:\BCC582\LIB\CW32.LIB|ta ACBP=A9
 0001:000E140C 0000003F C=CODE    S=_TEXT    G=(none)   M=C:\BCC582\LIB\CW32.LIB|__access ACBP=A9
 0001:000E144C 00000063 C=CODE    S=_TEXT    G=(none)   M=C:\BCC582\LIB\CW32.LIB|__close ACBP=A9
 0001:000E14B0 00000013 C=CODE    S=_TEXT    G=(none)   M=C:\BCC582\LIB\CW32.LIB|__dup ACBP=A9
 0001:000E14C4 000000EF C=CODE    S=_TEXT    G=(none)   M=C:\BCC582\LIB\CW32.LIB|__dup2 ACBP=A9
 0001:000E15B4 00000086 C=CODE    S=_TEXT    G=(none)   M=C:\BCC582\LIB\CW32.LIB|__eof ACBP=A9
 0001:000E163C 00000047 C=CODE    S=_TEXT    G=(none)   M=C:\BCC582\LIB\CW32.LIB|__isatty ACBP=A9
 0001:000E1684 00000076 C=CODE    S=_TEXT    G=(none)   M=C:\BCC582\LIB\CW32.LIB|__lseek ACBP=A9
 0001:000E16FC 000001FA C=CODE    S=_TEXT    G=(none)   M=C:\BCC582\LIB\CW32.LIB|__open ACBP=A9
 0001:000E18F8 0000019A C=CODE    S=_TEXT    G=(none)   M=C:\BCC582\LIB\CW32.LIB|__read ACBP=A9
 0001:000E1A94 000001DA C=CODE    S=_TEXT    G=(none)   M=C:\BCC582\LIB\CW32.LIB|__wread ACBP=A9
 0001:000E1C70 0000011C C=CODE    S=_TEXT    G=(none)   M=C:\BCC582\LIB\CW32.LIB|__write ACBP=A9
 0001:000E1D8C 00000011 C=CODE    S=_TEXT    G=(none)   M=C:\BCC582\LIB\CW32.LIB|_cfinfo ACBP=A9
 0001:000E1DA0 00000075 C=CODE    S=_TEXT    G=(none)   M=C:\BCC582\LIB\CW32.LIB|_read ACBP=A9
 0001:000E1E15 00000017 C=CODE    S=_TEXT    G=(none)   M=C:\BCC582\LIB\CW32.LIB|_umask ACBP=A9
 0001:000E1E18 00000061 C=CODE    S=_TEXT    G=(none)   M=C:\BCC582\LIB\CW32.LIB|_write ACBP=A9
 0001:000E1E7C 0000007D C=CODE    S=_TEXT    G=(none)   M=C:\BCC582\LIB\CW32.LIB|allocbuf ACBP=A9
 0001:000E1EFC 0000009C C=CODE    S=_TEXT    G=(none)   M=C:\BCC582\LIB\CW32.LIB|chdrive ACBP=A9
 0001:000E1F98 00000008 C=CODE    S=_TEXT    G=(none)   M=C:\BCC582\LIB\CW32.LIB|close ACBP=A9
 0001:000E1FA0 00000008 C=CODE    S=_TEXT    G=(none)   M=C:\BCC582\LIB\CW32.LIB|dup ACBP=A9
 0001:000E1FA8 0000008E C=CODE    S=_TEXT    G=(none)   M=C:\BCC582\LIB\CW32.LIB|fclose ACBP=A9
 0001:000E2038 0000007F C=CODE    S=_TEXT    G=(none)   M=C:\BCC582\LIB\CW32.LIB|fflush ACBP=A9
 0001:000E20B8 0000001E C=CODE    S=_TEXT    G=(none)   M=C:\BCC582\LIB\CW32.LIB|fgetpos ACBP=A9
 0001:000E20D8 0000005A C=CODE    S=_TEXT    G=(none)   M=C:\BCC582\LIB\CW32.LIB|flushout ACBP=A9
 0001:000E2134 00000023 C=CODE    S=_TEXT    G=(none)   M=C:\BCC582\LIB\CW32.LIB|fmodeptr ACBP=A9
 0001:000E2158 000001DD C=CODE    S=_TEXT    G=(none)   M=C:\BCC582\LIB\CW32.LIB|fopen ACBP=A9
 0001:000E2338 00000022 C=CODE    S=_TEXT    G=(none)   M=C:\BCC582\LIB\CW32.LIB|fprintf ACBP=A9
 0001:000E235C 000000DB C=CODE    S=_TEXT    G=(none)   M=C:\BCC582\LIB\CW32.LIB|fputn ACBP=A9
 0001:000E2438 00000167 C=CODE    S=_TEXT    G=(none)   M=C:\BCC582\LIB\CW32.LIB|fread ACBP=A9
 0001:000E25A0 00000140 C=CODE    S=_TEXT    G=(none)   M=C:\BCC582\LIB\CW32.LIB|fseek ACBP=A9
 0001:000E26E0 00000019 C=CODE    S=_TEXT    G=(none)   M=C:\BCC582\LIB\CW32.LIB|fsetpos ACBP=A9
 0001:000E26FC 00000031 C=CODE    S=_TEXT    G=(none)   M=C:\BCC582\LIB\CW32.LIB|fwrite ACBP=A9
 0001:000E2730 000002B9 C=CODE    S=_TEXT    G=(none)   M=C:\BCC582\LIB\CW32.LIB|handles ACBP=A9
 0001:000E29EC 00000076 C=CODE    S=_TEXT    G=(none)   M=C:\BCC582\LIB\CW32.LIB|ioerror ACBP=A9
 0001:000E2A64 000001A5 C=CODE    S=_TEXT    G=(none)   M=C:\BCC582\LIB\CW32.LIB|lgetc ACBP=A9
 0001:000E2C0C 000001A9 C=CODE    S=_TEXT    G=(none)   M=C:\BCC582\LIB\CW32.LIB|lgetwc ACBP=A9
 0001:000E2DB8 00000112 C=CODE    S=_TEXT    G=(none)   M=C:\BCC582\LIB\CW32.LIB|lputc ACBP=A9
 0001:000E2ECC 00000144 C=CODE    S=_TEXT    G=(none)   M=C:\BCC582\LIB\CW32.LIB|lputwc ACBP=A9
 0001:000E3010 00000091 C=CODE    S=_TEXT    G=(none)   M=C:\BCC582\LIB\CW32.LIB|mkname ACBP=A9
 0001:000E30A1 00000079 C=CODE    S=_TEXT    G=(none)   M=C:\BCC582\LIB\CW32.LIB|perror ACBP=A9
 0001:000E30A4 00000023 C=CODE    S=_TEXT    G=(none)   M=C:\BCC582\LIB\CW32.LIB|printf ACBP=A9
 0001:000E30C8 0000006E C=CODE    S=_TEXT    G=(none)   M=C:\BCC582\LIB\CW32.LIB|setmode ACBP=A9
 0001:000E3138 0000004D C=CODE    S=_TEXT    G=(none)   M=C:\BCC582\LIB\CW32.LIB|setvbuf ACBP=A9
 0001:000E3188 000002CD C=CODE    S=_TEXT    G=(none)   M=C:\BCC582\LIB\CW32.LIB|splitpth ACBP=A9
 0001:000E3458 00000078 C=CODE    S=_TEXT    G=(none)   M=C:\BCC582\LIB\CW32.LIB|sprintf ACBP=A9
 0001:000E34D0 00000101 C=CODE    S=_TEXT    G=(none)   M=C:\BCC582\LIB\CW32.LIB|streams ACBP=A9
 0001:000E35D4 00000050 C=CODE    S=_TEXT    G=(none)   M=C:\BCC582\LIB\CW32.LIB|ungetc ACBP=A9
 0001:000E3624 0000005C C=CODE    S=_TEXT    G=(none)   M=C:\BCC582\LIB\CW32.LIB|ungetwc ACBP=A9
 0001:000E3680 0000001A C=CODE    S=_TEXT    G=(none)   M=C:\BCC582\LIB\CW32.LIB|unlink ACBP=A9
 0001:000E369C 00000022 C=CODE    S=_TEXT    G=(none)   M=C:\BCC582\LIB\CW32.LIB|vfprintf ACBP=A9
 0001:000E36C0 00000A2A C=CODE    S=_TEXT    G=(none)   M=C:\BCC582\LIB\CW32.LIB|vprinter ACBP=A9
 0001:000E40EC 0000002E C=CODE    S=_TEXT    G=(none)   M=C:\BCC582\LIB\CW32.LIB|xfclose ACBP=A9
 0001:000E411C 00000027 C=CODE    S=_TEXT    G=(none)   M=C:\BCC582\LIB\CW32.LIB|xfflush ACBP=A9
 0001:000E4143 00000006 C=CODE    S=_TEXT    G=(none)   M=C:\BCC582\LIB\CW32.LIB|cconv ACBP=A9
 0001:000E4144 000002CC C=CODE    S=_TEXT    G=(none)   M=C:\BCC582\LIB\CW32.LIB|convt ACBP=A9
 0001:000E4410 00000051 C=CODE    S=_TEXT    G=(none)   M=C:\BCC582\LIB\CW32.LIB|getinfo ACBP=A9
 0001:000E4464 00000102 C=CODE    S=_TEXT    G=(none)   M=C:\BCC582\LIB\CW32.LIB|is ACBP=A9
 0001:000E4568 00000103 C=CODE    S=_TEXT    G=(none)   M=C:\BCC582\LIB\CW32.LIB|wis ACBP=A9
 0001:000E466C 00000043 C=CODE    S=_TEXT    G=(none)   M=C:\BCC582\LIB\CW32.LIB|isctype ACBP=A9
 0001:000E46B0 00000055 C=CODE    S=_TEXT    G=(none)   M=C:\BCC582\LIB\CW32.LIB|iswctype ACBP=A9
 0001:000E4708 00001187 C=CODE    S=_TEXT    G=(none)   M=C:\BCC582\LIB\CW32.LIB|locale ACBP=A9
 0001:000E5890 00000816 C=CODE    S=_TEXT    G=(none)   M=C:\BCC582\LIB\CW32.LIB|initcat ACBP=A9
 0001:000E60A8 00000097 C=CODE    S=_TEXT    G=(none)   M=C:\BCC582\LIB\CW32.LIB|lconv ACBP=A9
 0001:000E6140 00000024 C=CODE    S=_TEXT    G=(none)   M=C:\BCC582\LIB\CW32.LIB|lstrlwr ACBP=A9
 0001:000E6164 00000054 C=CODE    S=_TEXT    G=(none)   M=C:\BCC582\LIB\CW32.LIB|ltolower ACBP=A9
 0001:000E61B8 00000054 C=CODE    S=_TEXT    G=(none)   M=C:\BCC582\LIB\CW32.LIB|ltoupper ACBP=A9
 0001:000E620C 000004E6 C=CODE    S=_TEXT    G=(none)   M=C:\BCC582\LIB\CW32.LIB|mbyte1 ACBP=A9
 0001:000E66F4 00000016 C=CODE    S=_TEXT    G=(none)   M=C:\BCC582\LIB\CW32.LIB|lsetlocl ACBP=A9
 0001:000E670C 00000200 C=CODE    S=_TEXT    G=(none)   M=C:\BCC582\LIB\CW32.LIB|_ll ACBP=A9
 0001:000E690C 0000001D C=CODE    S=_TEXT    G=(none)   M=C:\BCC582\LIB\CW32.LIB|_finite ACBP=A9
 0001:000E692C 0000002D C=CODE    S=_TEXT    G=(none)   M=C:\BCC582\LIB\CW32.LIB|_finitel ACBP=A9
 0001:000E695C 0000002B C=CODE    S=_TEXT    G=(none)   M=C:\BCC582\LIB\CW32.LIB|_ftoul ACBP=A9
 0001:000E6988 00000045 C=CODE    S=_TEXT    G=(none)   M=C:\BCC582\LIB\CW32.LIB|_isnan ACBP=A9
 0001:000E69D0 00000049 C=CODE    S=_TEXT    G=(none)   M=C:\BCC582\LIB\CW32.LIB|_isnanl ACBP=A9
 0001:000E6A1C 00000008 C=CODE    S=_TEXT    G=(none)   M=C:\BCC582\LIB\CW32.LIB|_ltoa1 ACBP=A9
 0001:000E6A24 000000B0 C=CODE    S=_TEXT    G=(none)   M=C:\BCC582\LIB\CW32.LIB|_matherr ACBP=A9
 0001:000E6AD4 00000188 C=CODE    S=_TEXT    G=(none)   M=C:\BCC582\LIB\CW32.LIB|_pow10 ACBP=A9
 0001:000E6C5C 00000077 C=CODE    S=_TEXT    G=(none)   M=C:\BCC582\LIB\CW32.LIB|atol ACBP=A9
 0001:000E6CD4 0000001C C=CODE    S=_TEXT    G=(none)   M=C:\BCC582\LIB\CW32.LIB|ceil ACBP=A9
 0001:000E6CF0 00000013 C=CODE    S=_TEXT    G=(none)   M=C:\BCC582\LIB\CW32.LIB|clear87 ACBP=A9
 0001:000E6D04 0000003F C=CODE    S=_TEXT    G=(none)   M=C:\BCC582\LIB\CW32.LIB|cos ACBP=A9
 0001:000E6D44 0000002F C=CODE    S=_TEXT    G=(none)   M=C:\BCC582\LIB\CW32.LIB|ctrl87 ACBP=A9
 0001:000E6D74 00000018 C=CODE    S=_TEXT    G=(none)   M=C:\BCC582\LIB\CW32.LIB|cvtentry ACBP=A9
 0001:000E6D8C 00000018 C=CODE    S=_TEXT    G=(none)   M=C:\BCC582\LIB\CW32.LIB|cvtfak ACBP=A9
 0001:000E6DA4 00000018 C=CODE    S=_TEXT    G=(none)   M=C:\BCC582\LIB\CW32.LIB|cvtfakw ACBP=A9
 0001:000E6DBC 00000016 C=CODE    S=_TEXT    G=(none)   M=C:\BCC582\LIB\CW32.LIB|div ACBP=A9
 0001:000E6DD4 0000006C C=CODE    S=_TEXT    G=(none)   M=C:\BCC582\LIB\CW32.LIB|exp ACBP=A9
 0001:000E6E40 000000CD C=CODE    S=_TEXT    G=(none)   M=C:\BCC582\LIB\CW32.LIB|f87exp ACBP=A9
 0001:000E6F10 00000048 C=CODE    S=_TEXT    G=(none)   M=C:\BCC582\LIB\CW32.LIB|f87log ACBP=A9
 0001:000E6F58 0000000D C=CODE    S=_TEXT    G=(none)   M=C:\BCC582\LIB\CW32.LIB|fabs ACBP=A9
 0001:000E6F68 0000004D C=CODE    S=_TEXT    G=(none)   M=C:\BCC582\LIB\CW32.LIB|fmod ACBP=A9
 0001:000E6FB8 00000016 C=CODE    S=_TEXT    G=(none)   M=C:\BCC582\LIB\CW32.LIB|fpreset ACBP=A9
 0001:000E6FD0 0000002D C=CODE    S=_TEXT    G=(none)   M=C:\BCC582\LIB\CW32.LIB|ftol ACBP=A9
 0001:000E7000 0000002D C=CODE    S=_TEXT    G=(none)   M=C:\BCC582\LIB\CW32.LIB|fuildq ACBP=A9
 0001:000E7030 00000021 C=CODE    S=_TEXT    G=(none)   M=C:\BCC582\LIB\CW32.LIB|fuistq ACBP=A9
 0001:000E7054 00000011 C=CODE    S=_TEXT    G=(none)   M=C:\BCC582\LIB\CW32.LIB|fxam ACBP=A9
 0001:000E7068 000000B1 C=CODE    S=_TEXT    G=(none)   M=C:\BCC582\LIB\CW32.LIB|int64toa ACBP=A9
 0001:000E711C 00000117 C=CODE    S=_TEXT    G=(none)   M=C:\BCC582\LIB\CW32.LIB|ldtrunc ACBP=A9
 0001:000E7234 0000006D C=CODE    S=_TEXT    G=(none)   M=C:\BCC582\LIB\CW32.LIB|log ACBP=A9
 0001:000E72A4 0000008F C=CODE    S=_TEXT    G=(none)   M=C:\BCC582\LIB\CW32.LIB|longtoa ACBP=A9
 0001:000E7334 00000075 C=CODE    S=_TEXT    G=(none)   M=C:\BCC582\LIB\CW32.LIB|ltoa1 ACBP=A9
 0001:000E73AC 0000002E C=CODE    S=_TEXT    G=(none)   M=C:\BCC582\LIB\CW32.LIB|matherrl ACBP=A9
 0001:000E73DC 00000019 C=CODE    S=_TEXT    G=(none)   M=C:\BCC582\LIB\CW32.LIB|mathptr ACBP=A9
 0001:000E73F8 00000030 C=CODE    S=_TEXT    G=(none)   M=C:\BCC582\LIB\CW32.LIB|modf ACBP=A9
 0001:000E7428 00000030 C=CODE    S=_TEXT    G=(none)   M=C:\BCC582\LIB\CW32.LIB|modfl ACBP=A9
 0001:000E7458 000001DC C=CODE    S=_TEXT    G=(none)   M=C:\BCC582\LIB\CW32.LIB|pow ACBP=A9
 0001:000E7634 00000025 C=CODE    S=_TEXT    G=(none)   M=C:\BCC582\LIB\CW32.LIB|qdiv10 ACBP=A9
 0001:000E765C 0000002E C=CODE    S=_TEXT    G=(none)   M=C:\BCC582\LIB\CW32.LIB|qmul10 ACBP=A9
 0001:000E768C 0000008E C=CODE    S=_TEXT    G=(none)   M=C:\BCC582\LIB\CW32.LIB|rand ACBP=A9
 0001:000E771C 000002F9 C=CODE    S=_TEXT    G=(none)   M=C:\BCC582\LIB\CW32.LIB|realcvt ACBP=A9
 0001:000E7A18 00000335 C=CODE    S=_TEXT    G=(none)   M=C:\BCC582\LIB\CW32.LIB|realcvtw ACBP=A9
 0001:000E7D50 0000002C C=CODE    S=_TEXT    G=(none)   M=C:\BCC582\LIB\CW32.LIB|round ACBP=A9
 0001:000E7D7C 000004E9 C=CODE    S=_TEXT    G=(none)   M=C:\BCC582\LIB\CW32.LIB|scantod ACBP=A9
 0001:000E8268 000004E9 C=CODE    S=_TEXT    G=(none)   M=C:\BCC582\LIB\CW32.LIB|scanwtod ACBP=A9
 0001:000E8754 0000003F C=CODE    S=_TEXT    G=(none)   M=C:\BCC582\LIB\CW32.LIB|sin ACBP=A9
 0001:000E8794 0000003A C=CODE    S=_TEXT    G=(none)   M=C:\BCC582\LIB\CW32.LIB|sqrt ACBP=A9
 0001:000E87D0 000002D4 C=CODE    S=_TEXT    G=(none)   M=C:\BCC582\LIB\CW32.LIB|xcvt ACBP=A9
 0001:000E8AA4 000002F3 C=CODE    S=_TEXT    G=(none)   M=C:\BCC582\LIB\CW32.LIB|xcvtw ACBP=A9
 0001:000E8D98 0000006D C=CODE    S=_TEXT    G=(none)   M=C:\BCC582\LIB\CW32.LIB|mbbtype ACBP=A9
 0001:000E8E08 0000014D C=CODE    S=_TEXT    G=(none)   M=C:\BCC582\LIB\CW32.LIB|mbctype ACBP=A9
 0001:000E8F58 0000003D C=CODE    S=_TEXT    G=(none)   M=C:\BCC582\LIB\CW32.LIB|mbisalp ACBP=A9
 0001:000E8F98 0000001A C=CODE    S=_TEXT    G=(none)   M=C:\BCC582\LIB\CW32.LIB|mbisdgt ACBP=A9
 0001:000E8FB4 0000001A C=CODE    S=_TEXT    G=(none)   M=C:\BCC582\LIB\CW32.LIB|mbisspc ACBP=A9
 0001:000E8FD0 0000002F C=CODE    S=_TEXT    G=(none)   M=C:\BCC582\LIB\CW32.LIB|mbsbtype ACBP=A9
 0001:000E9000 00000054 C=CODE    S=_TEXT    G=(none)   M=C:\BCC582\LIB\CW32.LIB|mbsnbcpy ACBP=A9
 0001:000E9054 000000BF C=CODE    S=_TEXT    G=(none)   M=C:\BCC582\LIB\CW32.LIB|mbsnbicm ACBP=A9
 0001:000E9114 00000058 C=CODE    S=_TEXT    G=(none)   M=C:\BCC582\LIB\CW32.LIB|mbsrchr ACBP=A9
 0001:000E916C 000000A6 C=CODE    S=_TEXT    G=(none)   M=C:\BCC582\LIB\CW32.LIB|assert ACBP=A9
 0001:000E9214 000000BA C=CODE    S=_TEXT    G=(none)   M=C:\BCC582\LIB\CW32.LIB|ermsghlp ACBP=A9
 0001:000E92CE 00000006 C=CODE    S=_TEXT    G=(none)   M=C:\BCC582\LIB\CW32.LIB|errno ACBP=A9
 0001:000E92D0 0000019B C=CODE    S=_TEXT    G=(none)   M=C:\BCC582\LIB\CW32.LIB|errormsg ACBP=A9
 0001:000E946C 00000089 C=CODE    S=_TEXT    G=(none)   M=C:\BCC582\LIB\CW32.LIB|platform ACBP=A9
 0001:000E94F5 00000013 C=CODE    S=_TEXT    G=(none)   M=C:\BCC582\LIB\CW32.LIB|pureerr ACBP=A9
 0001:000E9508 00000236 C=CODE    S=_TEXT    G=(none)   M=C:\BCC582\LIB\CW32.LIB|qsort ACBP=A9
 0001:000E9740 00000022 C=CODE    S=_TEXT    G=(none)   M=C:\BCC582\LIB\CW32.LIB|abort ACBP=A9
 0001:000E9764 000000A7 C=CODE    S=_TEXT    G=(none)   M=C:\BCC582\LIB\CW32.LIB|exit ACBP=A9
 0001:000E980C 00000057 C=CODE    S=_TEXT    G=(none)   M=C:\BCC582\LIB\CW32.LIB|getenv ACBP=A9
 0001:000E9864 0000001A C=CODE    S=_TEXT    G=(none)   M=C:\BCC582\LIB\CW32.LIB|initwild ACBP=A9
 0001:000E9880 00000011 C=CODE    S=_TEXT    G=(none)   M=C:\BCC582\LIB\CW32.LIB|exparg ACBP=A9
 0001:000E9894 00000011 C=CODE    S=_TEXT    G=(none)   M=C:\BCC582\LIB\CW32.LIB|wexparg ACBP=A9
 0001:000E98A8 00000027 C=CODE    S=_TEXT    G=(none)   M=C:\BCC582\LIB\CW32.LIB|initargv ACBP=A9
 0001:000E98D0 0000016C C=CODE    S=_TEXT    G=(none)   M=C:\BCC582\LIB\CW32.LIB|setargv ACBP=A9
 0001:000E9A3C 000001E5 C=CODE    S=_TEXT    G=(none)   M=C:\BCC582\LIB\CW32.LIB|hsargv ACBP=A9
 0001:000E9C24 00000227 C=CODE    S=_TEXT    G=(none)   M=C:\BCC582\LIB\CW32.LIB|whsargv ACBP=A9
 0001:000E9E4C 00000045 C=CODE    S=_TEXT    G=(none)   M=C:\BCC582\LIB\CW32.LIB|setargv0 ACBP=A9
 0001:000E9E94 000001A0 C=CODE    S=_TEXT    G=(none)   M=C:\BCC582\LIB\CW32.LIB|setenvp ACBP=A9
 0001:000EA034 000002FA C=CODE    S=_TEXT    G=(none)   M=C:\BCC582\LIB\CW32.LIB|signal ACBP=A9
 0001:000EA330 00000157 C=CODE    S=_TEXT    G=(none)   M=C:\BCC582\LIB\CW32.LIB|initexit ACBP=A9
 0001:000EA488 000001A4 C=CODE    S=_TEXT    G=(none)   M=C:\BCC582\LIB\CW32.LIB|startup ACBP=A9
 0001:000EA62C 0000004F C=CODE    S=_TEXT    G=(none)   M=C:\BCC582\LIB\CW32.LIB|tlsstat ACBP=A9
 0001:000EA67C 000002A8 C=CODE    S=_TEXT    G=(none)   M=C:\BCC582\LIB\CW32.LIB|timefunc ACBP=A9
 0001:000EA924 00000006 C=CODE    S=_TEXT    G=(none)   M=C:\BCC582\LIB\CW32.LIB|tzdata ACBP=A9
 0001:000EA92C 000001C8 C=CODE    S=_TEXT    G=(none)   M=C:\BCC582\LIB\CW32.LIB|tzset ACBP=A9
 0001:000EAAF4 00000008 C=CODE    S=_TEXT    G=(none)   M=C:\BCC582\LIB\CW32.LIB|_tzset ACBP=A9
 0001:000EAAFC 0000004D C=CODE    S=_TEXT    G=(none)   M=C:\BCC582\LIB\CW32.LIB|time ACBP=A9
 0001:000EAB4C 00001BB9 C=CODE    S=_TEXT    G=(none)   M=C:\BCC582\LIB\CW32.LIB|xx ACBP=A9
 0002:00000000 000000A4 C=DATA    S=_DATA    G=DGROUP   M=C:\BCC582\LIB\C0W32.OBJ ACBP=A9
 0002:000000A4 000030AC C=DATA    S=_DATA    G=DGROUP   M=C:\DES\FR3TOPRG\FR3TOPRG.OBJ ACBP=A9
 0002:00003150 00000FE4 C=DATA    S=_DATA    G=DGROUP   M=C:\FWH.13.02\LIB\FIVEHX.LIB|ACTIVEX ACBP=A9
 0002:00004134 00000BB8 C=DATA    S=_DATA    G=DGROUP   M=C:\FWH.13.02\LIB\FIVEHX.LIB|ALERT ACBP=A9
 0002:00004CEC 000043AC C=DATA    S=_DATA    G=DGROUP   M=C:\FWH.13.02\LIB\FIVEHX.LIB|BAR ACBP=A9
 0002:00009098 00003EB8 C=DATA    S=_DATA    G=DGROUP   M=C:\FWH.13.02\LIB\FIVEHX.LIB|BITMAP ACBP=A9
 0002:0000CF50 0000293C C=DATA    S=_DATA    G=DGROUP   M=C:\FWH.13.02\LIB\FIVEHX.LIB|BRUSH ACBP=A9
 0002:0000F88C 00006304 C=DATA    S=_DATA    G=DGROUP   M=C:\FWH.13.02\LIB\FIVEHX.LIB|BTNBMP ACBP=A9
 0002:00015B90 00001890 C=DATA    S=_DATA    G=DGROUP   M=C:\FWH.13.02\LIB\FIVEHX.LIB|BUTTON ACBP=A9
 0002:00017420 00001268 C=DATA    S=_DATA    G=DGROUP   M=C:\FWH.13.02\LIB\FIVEHX.LIB|BUTTONB ACBP=A9
 0002:00018688 00000414 C=DATA    S=_DATA    G=DGROUP   M=C:\FWH.13.02\LIB\FIVEHX.LIB|CHECKRES ACBP=A9
 0002:00018A9C 00001FF4 C=DATA    S=_DATA    G=DGROUP   M=C:\FWH.13.02\LIB\FIVEHX.LIB|C5LIB ACBP=A9
 0002:0001AA90 00002F40 C=DATA    S=_DATA    G=DGROUP   M=C:\FWH.13.02\LIB\FIVEHX.LIB|C5TOOLTP ACBP=A9
 0002:0001D9D0 00000A5C C=DATA    S=_DATA    G=DGROUP   M=C:\FWH.13.02\LIB\FIVEHX.LIB|CLIPBRD ACBP=A9
 0002:0001E42C 00003590 C=DATA    S=_DATA    G=DGROUP   M=C:\FWH.13.02\LIB\FIVEHX.LIB|COMBOBOX ACBP=A9
 0002:000219BC 000060B4 C=DATA    S=_DATA    G=DGROUP   M=C:\FWH.13.02\LIB\FIVEHX.LIB|CONTROL ACBP=A9
 0002:00027A70 000008C4 C=DATA    S=_DATA    G=DGROUP   M=C:\FWH.13.02\LIB\FIVEHX.LIB|CURSOR ACBP=A9
 0002:00028334 00000A98 C=DATA    S=_DATA    G=DGROUP   M=C:\FWH.13.02\LIB\FIVEHX.LIB|DDE ACBP=A9
 0002:00028DCC 00003EF0 C=DATA    S=_DATA    G=DGROUP   M=C:\FWH.13.02\LIB\FIVEHX.LIB|DIALOG ACBP=A9
 0002:0002CCBC 000006F4 C=DATA    S=_DATA    G=DGROUP   M=C:\FWH.13.02\LIB\FIVEHX.LIB|DLGFIND ACBP=A9
 0002:0002D3B0 000002E4 C=DATA    S=_DATA    G=DGROUP   M=C:\FWH.13.02\LIB\FIVEHX.LIB|DRAWBMP ACBP=A9
 0002:0002D694 0000209C C=DATA    S=_DATA    G=DGROUP   M=C:\FWH.13.02\LIB\FIVEHX.LIB|ERRSYSW ACBP=A9
 0002:0002F730 00010E6C C=DATA    S=_DATA    G=DGROUP   M=C:\FWH.13.02\LIB\FIVEHX.LIB|FGET ACBP=A9
 0002:0004059C 00001010 C=DATA    S=_DATA    G=DGROUP   M=C:\FWH.13.02\LIB\FIVEHX.LIB|FILENAME ACBP=A9
 0002:000415AC 00000578 C=DATA    S=_DATA    G=DGROUP   M=C:\FWH.13.02\LIB\FIVEHX.LIB|FLINE ACBP=A9
 0002:00041B24 000028E0 C=DATA    S=_DATA    G=DGROUP   M=C:\FWH.13.02\LIB\FIVEHX.LIB|FONT ACBP=A9
 0002:00044404 00000364 C=DATA    S=_DATA    G=DGROUP   M=C:\FWH.13.02\LIB\FIVEHX.LIB|FWERROR ACBP=A9
 0002:00044768 000008AC C=DATA    S=_DATA    G=DGROUP   M=C:\FWH.13.02\LIB\FIVEHX.LIB|GETTASKS ACBP=A9
 0002:00045014 0000073C C=DATA    S=_DATA    G=DGROUP   M=C:\FWH.13.02\LIB\FIVEHX.LIB|GETSYSIN ACBP=A9
 0002:00045750 000018C4 C=DATA    S=_DATA    G=DGROUP   M=C:\FWH.13.02\LIB\FIVEHX.LIB|GTF ACBP=A9
 0002:00047014 00000B78 C=DATA    S=_DATA    G=DGROUP   M=C:\FWH.13.02\LIB\FIVEHX.LIB|HARBOUR ACBP=A9
 0002:00047B8C 00000948 C=DATA    S=_DATA    G=DGROUP   M=C:\FWH.13.02\LIB\FIVEHX.LIB|HELP32 ACBP=A9
 0002:000484D4 000008E8 C=DATA    S=_DATA    G=DGROUP   M=C:\FWH.13.02\LIB\FIVEHX.LIB|HELPCHM ACBP=A9
 0002:00048DBC 00000F24 C=DATA    S=_DATA    G=DGROUP   M=C:\FWH.13.02\LIB\FIVEHX.LIB|ICON ACBP=A9
 0002:00049CE0 00002C38 C=DATA    S=_DATA    G=DGROUP   M=C:\FWH.13.02\LIB\FIVEHX.LIB|IMAGE ACBP=A9
 0002:0004C918 00000AE0 C=DATA    S=_DATA    G=DGROUP   M=C:\FWH.13.02\LIB\FIVEHX.LIB|INI ACBP=A9
 0002:0004D3F8 00002A08 C=DATA    S=_DATA    G=DGROUP   M=C:\FWH.13.02\LIB\FIVEHX.LIB|LISTBOX ACBP=A9
 0002:0004FE00 00000CD8 C=DATA    S=_DATA    G=DGROUP   M=C:\FWH.13.02\LIB\FIVEHX.LIB|LONGNAM2 ACBP=A9
 0002:00050AD8 00001BB4 C=DATA    S=_DATA    G=DGROUP   M=C:\FWH.13.02\LIB\FIVEHX.LIB|MDICHILD ACBP=A9
 0002:0005268C 000013B8 C=DATA    S=_DATA    G=DGROUP   M=C:\FWH.13.02\LIB\FIVEHX.LIB|MDICLIEN ACBP=A9
 0002:00053A44 000018EC C=DATA    S=_DATA    G=DGROUP   M=C:\FWH.13.02\LIB\FIVEHX.LIB|MDIFRAME ACBP=A9
 0002:00055330 00000910 C=DATA    S=_DATA    G=DGROUP   M=C:\FWH.13.02\LIB\FIVEHX.LIB|MEMOEDIT ACBP=A9
 0002:00055C40 00004898 C=DATA    S=_DATA    G=DGROUP   M=C:\FWH.13.02\LIB\FIVEHX.LIB|MENU ACBP=A9
 0002:0005A4D8 000023A8 C=DATA    S=_DATA    G=DGROUP   M=C:\FWH.13.02\LIB\FIVEHX.LIB|MENUITEM ACBP=A9
 0002:0005C880 000038C4 C=DATA    S=_DATA    G=DGROUP   M=C:\FWH.13.02\LIB\FIVEHX.LIB|MGET ACBP=A9
 0002:00060144 00003364 C=DATA    S=_DATA    G=DGROUP   M=C:\FWH.13.02\LIB\FIVEHX.LIB|MSGBAR ACBP=A9
 0002:000634A8 000004EC C=DATA    S=_DATA    G=DGROUP   M=C:\FWH.13.02\LIB\FIVEHX.LIB|MSGRUN ACBP=A9
 0002:00063994 0000086C C=DATA    S=_DATA    G=DGROUP   M=C:\FWH.13.02\LIB\FIVEHX.LIB|OLEFUNCS ACBP=A9
 0002:00064200 000005E8 C=DATA    S=_DATA    G=DGROUP   M=C:\FWH.13.02\LIB\FIVEHX.LIB|PDMENU ACBP=A9
 0002:000647E8 00000488 C=DATA    S=_DATA    G=DGROUP   M=C:\FWH.13.02\LIB\FIVEHX.LIB|PDREPORT ACBP=A9
 0002:00064C70 00000590 C=DATA    S=_DATA    G=DGROUP   M=C:\FWH.13.02\LIB\FIVEHX.LIB|PEN ACBP=A9
 0002:00065200 00003E10 C=DATA    S=_DATA    G=DGROUP   M=C:\FWH.13.02\LIB\FIVEHX.LIB|PRINTER ACBP=A9
 0002:00069010 00001A68 C=DATA    S=_DATA    G=DGROUP   M=C:\FWH.13.02\LIB\FIVEHX.LIB|PRV2PDF ACBP=A9
 0002:0006AA78 00001700 C=DATA    S=_DATA    G=DGROUP   M=C:\FWH.13.02\LIB\FIVEHX.LIB|RADIO ACBP=A9
 0002:0006C178 00001304 C=DATA    S=_DATA    G=DGROUP   M=C:\FWH.13.02\LIB\FIVEHX.LIB|RADMENU ACBP=A9
 0002:0006D47C 00001EDC C=DATA    S=_DATA    G=DGROUP   M=C:\FWH.13.02\LIB\FIVEHX.LIB|RCOLUMN ACBP=A9
 0002:0006F358 000006FC C=DATA    S=_DATA    G=DGROUP   M=C:\FWH.13.02\LIB\FIVEHX.LIB|REBAR ACBP=A9
 0002:0006FA54 00000E0C C=DATA    S=_DATA    G=DGROUP   M=C:\FWH.13.02\LIB\FIVEHX.LIB|RFILE ACBP=A9
 0002:00070860 000011EC C=DATA    S=_DATA    G=DGROUP   M=C:\FWH.13.02\LIB\FIVEHX.LIB|RGROUP ACBP=A9
 0002:00071A4C 00000EB4 C=DATA    S=_DATA    G=DGROUP   M=C:\FWH.13.02\LIB\FIVEHX.LIB|RLINE ACBP=A9
 0002:00072900 000009C4 C=DATA    S=_DATA    G=DGROUP   M=C:\FWH.13.02\LIB\FIVEHX.LIB|RECT ACBP=A9
 0002:000732C4 00000C90 C=DATA    S=_DATA    G=DGROUP   M=C:\FWH.13.02\LIB\FIVEHX.LIB|REG32 ACBP=A9
 0002:00073F54 00008440 C=DATA    S=_DATA    G=DGROUP   M=C:\FWH.13.02\LIB\FIVEHX.LIB|REPORT ACBP=A9
 0002:0007C394 00007674 C=DATA    S=_DATA    G=DGROUP   M=C:\FWH.13.02\LIB\FIVEHX.LIB|RPREVIEW ACBP=A9
 0002:00083A08 000018CC C=DATA    S=_DATA    G=DGROUP   M=C:\FWH.13.02\LIB\FIVEHX.LIB|SAY ACBP=A9
 0002:000852D4 00005020 C=DATA    S=_DATA    G=DGROUP   M=C:\FWH.13.02\LIB\FIVEHX.LIB|SCINTILA ACBP=A9
 0002:0008A2F4 00001A40 C=DATA    S=_DATA    G=DGROUP   M=C:\FWH.13.02\LIB\FIVEHX.LIB|SCRLLBAR ACBP=A9
 0002:0008BD34 00000A68 C=DATA    S=_DATA    G=DGROUP   M=C:\FWH.13.02\LIB\FIVEHX.LIB|SHELLAPI ACBP=A9
 0002:0008C79C 00001070 C=DATA    S=_DATA    G=DGROUP   M=C:\FWH.13.02\LIB\FIVEHX.LIB|STATUSBA ACBP=A9
 0002:0008D80C 000006BC C=DATA    S=_DATA    G=DGROUP   M=C:\FWH.13.02\LIB\FIVEHX.LIB|TACCTBL ACBP=A9
 0002:0008DEC8 00000310 C=DATA    S=_DATA    G=DGROUP   M=C:\FWH.13.02\LIB\FIVEHX.LIB|TCLIPGET ACBP=A9
 0002:0008E1D8 000014C4 C=DATA    S=_DATA    G=DGROUP   M=C:\FWH.13.02\LIB\FIVEHX.LIB|TFILE ACBP=A9
 0002:0008F69C 00006F98 C=DATA    S=_DATA    G=DGROUP   M=C:\FWH.13.02\LIB\FIVEHX.LIB|TGET ACBP=A9
 0002:00096634 00001704 C=DATA    S=_DATA    G=DGROUP   M=C:\FWH.13.02\LIB\FIVEHX.LIB|TOOLBAR ACBP=A9
 0002:00097D38 00000858 C=DATA    S=_DATA    G=DGROUP   M=C:\FWH.13.02\LIB\FIVEHX.LIB|TIMAGLST ACBP=A9
 0002:00098590 0000081C C=DATA    S=_DATA    G=DGROUP   M=C:\FWH.13.02\LIB\FIVEHX.LIB|TIMER ACBP=A9
 0002:00098DAC 00000A0C C=DATA    S=_DATA    G=DGROUP   M=C:\FWH.13.02\LIB\FIVEHX.LIB|TMAIL ACBP=A9
 0002:000997B8 00001E34 C=DATA    S=_DATA    G=DGROUP   M=C:\FWH.13.02\LIB\FIVEHX.LIB|TMETAFIL ACBP=A9
 0002:0009B5EC 00001F4C C=DATA    S=_DATA    G=DGROUP   M=C:\FWH.13.02\LIB\FIVEHX.LIB|TMSGITEM ACBP=A9
 0002:0009D538 0000587C C=DATA    S=_DATA    G=DGROUP   M=C:\FWH.13.02\LIB\FIVEHX.LIB|TRICHEDI ACBP=A9
 0002:000A2DB4 00000EE4 C=DATA    S=_DATA    G=DGROUP   M=C:\FWH.13.02\LIB\FIVEHX.LIB|TSTRUCT ACBP=A9
 0002:000A3C98 00001370 C=DATA    S=_DATA    G=DGROUP   M=C:\FWH.13.02\LIB\FIVEHX.LIB|TTXTFILE ACBP=A9
 0002:000A5008 00000FC4 C=DATA    S=_DATA    G=DGROUP   M=C:\FWH.13.02\LIB\FIVEHX.LIB|VALBLANK ACBP=A9
 0002:000A5FCC 0000145C C=DATA    S=_DATA    G=DGROUP   M=C:\FWH.13.02\LIB\FIVEHX.LIB|VALTOSTR ACBP=A9
 0002:000A7428 0000C210 C=DATA    S=_DATA    G=DGROUP   M=C:\FWH.13.02\LIB\FIVEHX.LIB|WINDOW ACBP=A9
 0002:000B3638 000000E8 C=DATA    S=_DATA    G=DGROUP   M=C:\FWH.13.02\LIB\FIVEHX.LIB|WQOUT ACBP=A9
 0002:000B3720 00000264 C=DATA    S=_DATA    G=DGROUP   M=C:\FWH.13.02\LIB\FIVEHX.LIB|XPAD ACBP=A9
 0002:000B3984 00000018 C=DATA    S=_DATA    G=DGROUP   M=C:\FWH.13.02\LIB\FIVEHC.LIB|__WNDPRO ACBP=A9
 0002:000B399C 00000004 C=DATA    S=_DATA    G=DGROUP   M=C:\FWH.13.02\LIB\FIVEHC.LIB|BMPREAD ACBP=A9
 0002:000B39A0 00000288 C=DATA    S=_DATA    G=DGROUP   M=C:\FWH.13.02\LIB\FIVEHC.LIB|CTLHDLEH ACBP=A9
 0002:000B3C28 00000024 C=DATA    S=_DATA    G=DGROUP   M=C:\FWH.13.02\LIB\FIVEHC.LIB|FFDLGPRC ACBP=A9
 0002:000B3C4C 0000000C C=DATA    S=_DATA    G=DGROUP   M=C:\FWH.13.02\LIB\FIVEHC.LIB|FFWNDRUN ACBP=A9
 0002:000B3C58 0000000C C=DATA    S=_DATA    G=DGROUP   M=C:\FWH.13.02\LIB\FIVEHC.LIB|HARBOURC ACBP=A9
 0002:000B3C64 00000014 C=DATA    S=_DATA    G=DGROUP   M=C:\FWH.13.02\LIB\FIVEHC.LIB|TOOLBARS ACBP=A9
 0002:000B3C78 00000014 C=DATA    S=_DATA    G=DGROUP   M=C:\FWH.13.02\LIB\FIVEHC.LIB|TOOLTIP ACBP=A9
 0002:000B3C8C 00000014 C=DATA    S=_DATA    G=DGROUP   M=C:\FWH.13.02\LIB\FIVEHC.LIB|WNDRUN ACBP=A9
 0002:000B3CA0 0000000C C=DATA    S=_DATA    G=DGROUP   M=C:\FWH.13.02\LIB\FIVEHC.LIB|DLGBOX ACBP=A9
 0002:000B3CAC 00000410 C=DATA    S=_DATA    G=DGROUP   M=C:\FWH.13.02\LIB\FIVEHC.LIB|ACTX ACBP=A9
 0002:000B40BC 0000000C C=DATA    S=_DATA    G=DGROUP   M=C:\FWH.13.02\LIB\FIVEHC.LIB|BARTOOLS ACBP=A9
 0002:000B40C8 0000371C C=DATA    S=_DATA    G=DGROUP   M=C:\FWH.13.02\LIB\FIVEHC.LIB|BITMAPS ACBP=A9
 0002:000B77E4 00000010 C=DATA    S=_DATA    G=DGROUP   M=C:\FWH.13.02\LIB\FIVEHC.LIB|BMPDRAW ACBP=A9
 0002:000B77F4 0000381C C=DATA    S=_DATA    G=DGROUP   M=C:\FWH.13.02\LIB\FIVEHC.LIB|BRUSHES ACBP=A9
 0002:000BB010 000028DC C=DATA    S=_DATA    G=DGROUP   M=C:\FWH.13.02\LIB\FIVEHC.LIB|C5CNEW ACBP=A9
 0002:000BD8EC 00000002 C=DATA    S=_DATA    G=DGROUP   M=C:\FWH.13.02\LIB\FIVEHC.LIB|CALLDLL ACBP=A9
 0002:000BD8F0 0000006C C=DATA    S=_DATA    G=DGROUP   M=C:\FWH.13.02\LIB\FIVEHC.LIB|CALDLL32 ACBP=A9
 0002:000BD95C 00000004 C=DATA    S=_DATA    G=DGROUP   M=C:\FWH.13.02\LIB\FIVEHC.LIB|CLPBRD ACBP=A9
 0002:000BD960 00000011 C=DATA    S=_DATA    G=DGROUP   M=C:\FWH.13.02\LIB\FIVEHC.LIB|CODEGTF ACBP=A9
 0002:000BD974 00000008 C=DATA    S=_DATA    G=DGROUP   M=C:\FWH.13.02\LIB\FIVEHC.LIB|CREATEPA ACBP=A9
 0002:000BD97C 00000008 C=DATA    S=_DATA    G=DGROUP   M=C:\FWH.13.02\LIB\FIVEHC.LIB|CREATESO ACBP=A9
 0002:000BD984 00000098 C=DATA    S=_DATA    G=DGROUP   M=C:\FWH.13.02\LIB\FIVEHC.LIB|CTL3D ACBP=A9
 0002:000BDA1C 00000008 C=DATA    S=_DATA    G=DGROUP   M=C:\FWH.13.02\LIB\FIVEHC.LIB|CTRLDRAW ACBP=A9
 0002:000BDA24 00000004 C=DATA    S=_DATA    G=DGROUP   M=C:\FWH.13.02\LIB\FIVEHC.LIB|CTRL2CHR ACBP=A9
 0002:000BDA28 00000550 C=DATA    S=_DATA    G=DGROUP   M=C:\FWH.13.02\LIB\FIVEHC.LIB|CURSORS ACBP=A9
 0002:000BDF78 0000007C C=DATA    S=_DATA    G=DGROUP   M=C:\FWH.13.02\LIB\FIVEHC.LIB|DEVICE ACBP=A9
 0002:000BDFF4 00000004 C=DATA    S=_DATA    G=DGROUP   M=C:\FWH.13.02\LIB\FIVEHC.LIB|DIB ACBP=A9
 0002:000BDFF8 00000004 C=DATA    S=_DATA    G=DGROUP   M=C:\FWH.13.02\LIB\FIVEHC.LIB|DLOGBOX ACBP=A9
 0002:000BDFFC 00000004 C=DATA    S=_DATA    G=DGROUP   M=C:\FWH.13.02\LIB\FIVEHC.LIB|DRAWITEM ACBP=A9
 0002:000BE000 00000004 C=DATA    S=_DATA    G=DGROUP   M=C:\FWH.13.02\LIB\FIVEHC.LIB|DRIVES ACBP=A9
 0002:000BE004 00000024 C=DATA    S=_DATA    G=DGROUP   M=C:\FWH.13.02\LIB\FIVEHC.LIB|FGETCLIP ACBP=A9
 0002:000BE028 00000004 C=DATA    S=_DATA    G=DGROUP   M=C:\FWH.13.02\LIB\FIVEHC.LIB|FGETLINE ACBP=A9
 0002:000BE02C 00000018 C=DATA    S=_DATA    G=DGROUP   M=C:\FWH.13.02\LIB\FIVEHC.LIB|FINDTEXT ACBP=A9
 0002:000BE044 00000018 C=DATA    S=_DATA    G=DGROUP   M=C:\FWH.13.02\LIB\FIVEHC.LIB|FONTS ACBP=A9
 0002:000BE05C 00000004 C=DATA    S=_DATA    G=DGROUP   M=C:\FWH.13.02\LIB\FIVEHC.LIB|FTEXT ACBP=A9
 0002:000BE060 00000010 C=DATA    S=_DATA    G=DGROUP   M=C:\FWH.13.02\LIB\FIVEHC.LIB|FWBMP ACBP=A9
 0002:000BE070 00000022 C=DATA    S=_DATA    G=DGROUP   M=C:\FWH.13.02\LIB\FIVEHC.LIB|FWPALCTL ACBP=A9
 0002:000BE094 00000028 C=DATA    S=_DATA    G=DGROUP   M=C:\FWH.13.02\LIB\FIVEHC.LIB|GETFILE ACBP=A9
 0002:000BE0BC 00000004 C=DATA    S=_DATA    G=DGROUP   M=C:\FWH.13.02\LIB\FIVEHC.LIB|GETTEXT ACBP=A9
 0002:000BE0C0 0000000D C=DATA    S=_DATA    G=DGROUP   M=C:\FWH.13.02\LIB\FIVEHC.LIB|HANDLIST ACBP=A9
 0002:000BE0D0 00000004 C=DATA    S=_DATA    G=DGROUP   M=C:\FWH.13.02\LIB\FIVEHC.LIB|HELP ACBP=A9
 0002:000BE0D4 00000170 C=DATA    S=_DATA    G=DGROUP   M=C:\FWH.13.02\LIB\FIVEHC.LIB|ICONS ACBP=A9
 0002:000BE244 000000A0 C=DATA    S=_DATA    G=DGROUP   M=C:\FWH.13.02\LIB\FIVEHC.LIB|IMAGELIS ACBP=A9
 0002:000BE2E4 00000004 C=DATA    S=_DATA    G=DGROUP   M=C:\FWH.13.02\LIB\FIVEHC.LIB|INSTANCE ACBP=A9
 0002:000BE2E8 00000004 C=DATA    S=_DATA    G=DGROUP   M=C:\FWH.13.02\LIB\FIVEHC.LIB|LBX ACBP=A9
 0002:000BE2EC 00000008 C=DATA    S=_DATA    G=DGROUP   M=C:\FWH.13.02\LIB\FIVEHC.LIB|LOADBMP ACBP=A9
 0002:000BE2F4 000000CC C=DATA    S=_DATA    G=DGROUP   M=C:\FWH.13.02\LIB\FIVEHC.LIB|MAPI ACBP=A9
 0002:000BE3C0 000000A8 C=DATA    S=_DATA    G=DGROUP   M=C:\FWH.13.02\LIB\FIVEHC.LIB|METAFI32 ACBP=A9
 0002:000BE468 00000008 C=DATA    S=_DATA    G=DGROUP   M=C:\FWH.13.02\LIB\FIVEHC.LIB|MGETCREA ACBP=A9
 0002:000BE470 000000C0 C=DATA    S=_DATA    G=DGROUP   M=C:\FWH.13.02\LIB\FIVEHC.LIB|MSGS ACBP=A9
 0002:000BE530 00000004 C=DATA    S=_DATA    G=DGROUP   M=C:\FWH.13.02\LIB\FIVEHC.LIB|MSGTOOLS ACBP=A9
 0002:000BE534 00000004 C=DATA    S=_DATA    G=DGROUP   M=C:\FWH.13.02\LIB\FIVEHC.LIB|OEMANSI ACBP=A9
 0002:000BE538 00000004 C=DATA    S=_DATA    G=DGROUP   M=C:\FWH.13.02\LIB\FIVEHC.LIB|OR ACBP=A9
 0002:000BE53C 00000018 C=DATA    S=_DATA    G=DGROUP   M=C:\FWH.13.02\LIB\FIVEHC.LIB|PRINTDC ACBP=A9
 0002:000BE554 00000004 C=DATA    S=_DATA    G=DGROUP   M=C:\FWH.13.02\LIB\FIVEHC.LIB|PROFILE ACBP=A9
 0002:000BE558 00000010 C=DATA    S=_DATA    G=DGROUP   M=C:\FWH.13.02\LIB\FIVEHC.LIB|RECTS ACBP=A9
 0002:000BE568 00000010 C=DATA    S=_DATA    G=DGROUP   M=C:\FWH.13.02\LIB\FIVEHC.LIB|REGIONS ACBP=A9
 0002:000BE578 00000008 C=DATA    S=_DATA    G=DGROUP   M=C:\FWH.13.02\LIB\FIVEHC.LIB|RESOURCE ACBP=A9
 0002:000BE580 000001E0 C=DATA    S=_DATA    G=DGROUP   M=C:\FWH.13.02\LIB\FIVEHC.LIB|RIBBON ACBP=A9
 0002:000BE760 000001F8 C=DATA    S=_DATA    G=DGROUP   M=C:\FWH.13.02\LIB\FIVEHC.LIB|RICHEDIT ACBP=A9
 0002:000BE958 00000018 C=DATA    S=_DATA    G=DGROUP   M=C:\FWH.13.02\LIB\FIVEHC.LIB|SCROLL ACBP=A9
 0002:000BE970 00000004 C=DATA    S=_DATA    G=DGROUP   M=C:\FWH.13.02\LIB\FIVEHC.LIB|SETTEXT ACBP=A9
 0002:000BE974 000001A4 C=DATA    S=_DATA    G=DGROUP   M=C:\FWH.13.02\LIB\FIVEHC.LIB|THEMES ACBP=A9
 0002:000BEB18 00000008 C=DATA    S=_DATA    G=DGROUP   M=C:\FWH.13.02\LIB\FIVEHC.LIB|WINDOWS ACBP=A9
 0002:000BEB20 00000018 C=DATA    S=_DATA    G=DGROUP   M=C:\FWH.13.02\LIB\FIVEHC.LIB|WMOUSE ACBP=A9
 0002:000BEB38 00000018 C=DATA    S=_DATA    G=DGROUP   M=C:\FWH.13.02\LIB\FIVEHC.LIB|WNDIS ACBP=A9
 0002:000BEB50 00000048 C=DATA    S=_DATA    G=DGROUP   M=C:\FWH.13.02\LIB\FIVEHC.LIB|WNDMOVE ACBP=A9
 0002:000BEB98 00000018 C=DATA    S=_DATA    G=DGROUP   M=C:\FWH.13.02\LIB\FIVEHC.LIB|WNDPRINT ACBP=A9
 0002:000BEBB0 00000004 C=DATA    S=_DATA    G=DGROUP   M=C:\XHB121\LIB\RTL.LIB|abs ACBP=A9
 0002:000BEBB4 0000000C C=DATA    S=_DATA    G=DGROUP   M=C:\XHB121\LIB\RTL.LIB|at ACBP=A9
 0002:000BEBC0 000004B0 C=DATA    S=_DATA    G=DGROUP   M=C:\XHB121\LIB\RTL.LIB|cdpapi ACBP=A9
 0002:000BF070 00000008 C=DATA    S=_DATA    G=DGROUP   M=C:\XHB121\LIB\RTL.LIB|chrasc ACBP=A9
 0002:000BF078 00000004 C=DATA    S=_DATA    G=DGROUP   M=C:\XHB121\LIB\RTL.LIB|colorind ACBP=A9
 0002:000BF07C 00000040 C=DATA    S=_DATA    G=DGROUP   M=C:\XHB121\LIB\RTL.LIB|console ACBP=A9
 0002:000BF0BC 00000010 C=DATA    S=_DATA    G=DGROUP   M=C:\XHB121\LIB\RTL.LIB|datec ACBP=A9
 0002:000BF0CC 00000058 C=DATA    S=_DATA    G=DGROUP   M=C:\XHB121\LIB\RTL.LIB|dateshb ACBP=A9
 0002:000BF124 00000078 C=DATA    S=_DATA    G=DGROUP   M=C:\XHB121\LIB\RTL.LIB|direct ACBP=A9
 0002:000BF19C 00000004 C=DATA    S=_DATA    G=DGROUP   M=C:\XHB121\LIB\RTL.LIB|file ACBP=A9
 0002:000BF1A0 0000004C C=DATA    S=_DATA    G=DGROUP   M=C:\XHB121\LIB\RTL.LIB|filebuf ACBP=A9
 0002:000BF1EC 00000018 C=DATA    S=_DATA    G=DGROUP   M=C:\XHB121\LIB\RTL.LIB|filesys ACBP=A9
 0002:000BF204 00000094 C=DATA    S=_DATA    G=DGROUP   M=C:\XHB121\LIB\RTL.LIB|fparse ACBP=A9
 0002:000BF298 00000004 C=DATA    S=_DATA    G=DGROUP   M=C:\XHB121\LIB\RTL.LIB|fstemp ACBP=A9
 0002:000BF29C 00000004 C=DATA    S=_DATA    G=DGROUP   M=C:\XHB121\LIB\RTL.LIB|gete ACBP=A9
 0002:000BF2A0 0000001C C=DATA    S=_DATA    G=DGROUP   M=C:\XHB121\LIB\RTL.LIB|gtapi ACBP=A9
 0002:000BF2BC 00000060 C=DATA    S=_DATA    G=DGROUP   M=C:\XHB121\LIB\RTL.LIB|hbbitf ACBP=A9
 0002:000BF31C 00000360 C=DATA    S=_DATA    G=DGROUP   M=C:\XHB121\LIB\RTL.LIB|hbserv ACBP=A9
 0002:000BF67C 00000020 C=DATA    S=_DATA    G=DGROUP   M=C:\XHB121\LIB\RTL.LIB|hbffind ACBP=A9
 0002:000BF69C 00000294 C=DATA    S=_DATA    G=DGROUP   M=C:\XHB121\LIB\RTL.LIB|hbgtcore ACBP=A9
 0002:000BF930 00000024 C=DATA    S=_DATA    G=DGROUP   M=C:\XHB121\LIB\RTL.LIB|hbhex2n ACBP=A9
 0002:000BF954 00000004 C=DATA    S=_DATA    G=DGROUP   M=C:\XHB121\LIB\RTL.LIB|hbrandom ACBP=A9
 0002:000BF958 00000004 C=DATA    S=_DATA    G=DGROUP   M=C:\XHB121\LIB\RTL.LIB|hbtoken ACBP=A9
 0002:000BF95C 00000018 C=DATA    S=_DATA    G=DGROUP   M=C:\XHB121\LIB\RTL.LIB|idle ACBP=A9
 0002:000BF974 0000000C C=DATA    S=_DATA    G=DGROUP   M=C:\XHB121\LIB\RTL.LIB|inkey ACBP=A9
 0002:000BF980 00000060 C=DATA    S=_DATA    G=DGROUP   M=C:\XHB121\LIB\RTL.LIB|langapi ACBP=A9
 0002:000BF9E0 00000008 C=DATA    S=_DATA    G=DGROUP   M=C:\XHB121\LIB\RTL.LIB|left ACBP=A9
 0002:000BF9E8 00000004 C=DATA    S=_DATA    G=DGROUP   M=C:\XHB121\LIB\RTL.LIB|len ACBP=A9
 0002:000BF9EC 00000154 C=DATA    S=_DATA    G=DGROUP   M=C:\XHB121\LIB\RTL.LIB|math ACBP=A9
 0002:000BFB40 00000008 C=DATA    S=_DATA    G=DGROUP   M=C:\XHB121\LIB\RTL.LIB|minmax ACBP=A9
 0002:000BFB48 00000004 C=DATA    S=_DATA    G=DGROUP   M=C:\XHB121\LIB\RTL.LIB|padc ACBP=A9
 0002:000BFB4C 00000004 C=DATA    S=_DATA    G=DGROUP   M=C:\XHB121\LIB\RTL.LIB|padl ACBP=A9
 0002:000BFB50 00000004 C=DATA    S=_DATA    G=DGROUP   M=C:\XHB121\LIB\RTL.LIB|padr ACBP=A9
 0002:000BFB54 000000E4 C=DATA    S=_DATA    G=DGROUP   M=C:\XHB121\LIB\RTL.LIB|philes ACBP=A9
 0002:000BFC38 00000018 C=DATA    S=_DATA    G=DGROUP   M=C:\XHB121\LIB\RTL.LIB|philesx ACBP=A9
 0002:000BFC50 0000000C C=DATA    S=_DATA    G=DGROUP   M=C:\XHB121\LIB\RTL.LIB|replic ACBP=A9
 0002:000BFC5C 00000008 C=DATA    S=_DATA    G=DGROUP   M=C:\XHB121\LIB\RTL.LIB|right ACBP=A9
 0002:000BFC64 0000000C C=DATA    S=_DATA    G=DGROUP   M=C:\XHB121\LIB\RTL.LIB|round ACBP=A9
 0002:000BFC70 00000008 C=DATA    S=_DATA    G=DGROUP   M=C:\XHB121\LIB\RTL.LIB|seconds ACBP=A9
 0002:000BFC78 000000D4 C=DATA    S=_DATA    G=DGROUP   M=C:\XHB121\LIB\RTL.LIB|regex ACBP=A9
 0002:000BFD4C 00000004 C=DATA    S=_DATA    G=DGROUP   M=C:\XHB121\LIB\RTL.LIB|setcolor ACBP=A9
 0002:000BFD50 00000008 C=DATA    S=_DATA    G=DGROUP   M=C:\XHB121\LIB\RTL.LIB|space ACBP=A9
 0002:000BFD58 00000004 C=DATA    S=_DATA    G=DGROUP   M=C:\XHB121\LIB\RTL.LIB|spfiles ACBP=A9
 0002:000BFD5C 0000001C C=DATA    S=_DATA    G=DGROUP   M=C:\XHB121\LIB\RTL.LIB|str ACBP=A9
 0002:000BFD78 0000000C C=DATA    S=_DATA    G=DGROUP   M=C:\XHB121\LIB\RTL.LIB|strcase ACBP=A9
 0002:000BFD84 00000004 C=DATA    S=_DATA    G=DGROUP   M=C:\XHB121\LIB\RTL.LIB|strdel ACBP=A9
 0002:000BFD88 0000000C C=DATA    S=_DATA    G=DGROUP   M=C:\XHB121\LIB\RTL.LIB|strtran ACBP=A9
 0002:000BFD94 0000000C C=DATA    S=_DATA    G=DGROUP   M=C:\XHB121\LIB\RTL.LIB|strzero ACBP=A9
 0002:000BFDA0 00000004 C=DATA    S=_DATA    G=DGROUP   M=C:\XHB121\LIB\RTL.LIB|stuff ACBP=A9
 0002:000BFDA4 00000008 C=DATA    S=_DATA    G=DGROUP   M=C:\XHB121\LIB\RTL.LIB|substr ACBP=A9
 0002:000BFDAC 000000C0 C=DATA    S=_DATA    G=DGROUP   M=C:\XHB121\LIB\RTL.LIB|tprinter ACBP=A9
 0002:000BFE6C 00000030 C=DATA    S=_DATA    G=DGROUP   M=C:\XHB121\LIB\RTL.LIB|trace ACBP=A9
 0002:000BFE9C 00000170 C=DATA    S=_DATA    G=DGROUP   M=C:\XHB121\LIB\RTL.LIB|transfrm ACBP=A9
 0002:000C000C 00000010 C=DATA    S=_DATA    G=DGROUP   M=C:\XHB121\LIB\RTL.LIB|trim ACBP=A9
 0002:000C001C 00000008 C=DATA    S=_DATA    G=DGROUP   M=C:\XHB121\LIB\RTL.LIB|type ACBP=A9
 0002:000C0024 0000000C C=DATA    S=_DATA    G=DGROUP   M=C:\XHB121\LIB\RTL.LIB|valtype ACBP=A9
 0002:000C0030 00000020 C=DATA    S=_DATA    G=DGROUP   M=C:\XHB121\LIB\RTL.LIB|version ACBP=A9
 0002:000C0050 00000008 C=DATA    S=_DATA    G=DGROUP   M=C:\XHB121\LIB\RTL.LIB|word ACBP=A9
 0002:000C0058 00000008 C=DATA    S=_DATA    G=DGROUP   M=C:\XHB121\LIB\RTL.LIB|xhelp ACBP=A9
 0002:000C0060 00000004 C=DATA    S=_DATA    G=DGROUP   M=C:\XHB121\LIB\RTL.LIB|xsavescr ACBP=A9
 0002:000C0064 00001634 C=DATA    S=_DATA    G=DGROUP   M=C:\XHB121\LIB\RTL.LIB|cstr ACBP=A9
 0002:000C1698 000000DC C=DATA    S=_DATA    G=DGROUP   M=C:\XHB121\LIB\RTL.LIB|memvarbl ACBP=A9
 0002:000C1774 00001000 C=DATA    S=_DATA    G=DGROUP   M=C:\XHB121\LIB\RTL.LIB|objfunc ACBP=A9
 0002:000C2774 0000177C C=DATA    S=_DATA    G=DGROUP   M=C:\XHB121\LIB\RTL.LIB|tclass ACBP=A9
 0002:000C3EF0 000067B0 C=DATA    S=_DATA    G=DGROUP   M=C:\XHB121\LIB\RTL.LIB|tget ACBP=A9
 0002:000CA6A0 00000BD4 C=DATA    S=_DATA    G=DGROUP   M=C:\XHB121\LIB\RTL.LIB|tobject ACBP=A9
 0002:000CB274 00000494 C=DATA    S=_DATA    G=DGROUP   M=C:\XHB121\LIB\RTL.LIB|traceprg ACBP=A9
 0002:000CB708 00001780 C=DATA    S=_DATA    G=DGROUP   M=C:\XHB121\LIB\RTL.LIB|tscalar ACBP=A9
 0002:000CCE88 00001DCC C=DATA    S=_DATA    G=DGROUP   M=C:\XHB121\LIB\RTL.LIB|win32ole ACBP=A9
 0002:000CEC54 0000029C C=DATA    S=_DATA    G=DGROUP   M=C:\XHB121\LIB\RTL.LIB|hbwinole ACBP=A9
 0002:000CEEF0 00001B0C C=DATA    S=_DATA    G=DGROUP   M=C:\XHB121\LIB\VM.LIB|hvmall ACBP=A9
 0002:000D09FC 00000130 C=DATA    S=_DATA    G=DGROUP   M=C:\XHB121\LIB\VM.LIB|cmdarg ACBP=A9
 0002:000D0B2C 000000E0 C=DATA    S=_DATA    G=DGROUP   M=C:\XHB121\LIB\VM.LIB|hbi18n ACBP=A9
 0002:000D0C0C 00000568 C=DATA    S=_DATA    G=DGROUP   M=C:\XHB121\LIB\VM.LIB|initsymb ACBP=A9
 0002:000D1174 00000008 C=DATA    S=_DATA    G=DGROUP   M=C:\XHB121\LIB\VM.LIB|throw ACBP=A9
 0002:000D117C 00000430 C=DATA    S=_DATA    G=DGROUP   M=C:\XHB121\LIB\VM.LIB|harbinit ACBP=A9
 0002:000D15AC 00000010 C=DATA    S=_DATA    G=DGROUP   M=C:\XHB121\LIB\VM.LIB|bkgtsks ACBP=A9
 0002:000D15BC 00000008 C=DATA    S=_DATA    G=DGROUP   M=C:\XHB121\LIB\VM.LIB|mainwin ACBP=A9
 0002:000D15C4 000009A0 C=DATA    S=_DATA    G=DGROUP   M=C:\XHB121\LIB\LANG.LIB|msgen ACBP=A9
 0002:000D1F64 000021FC C=DATA    S=_DATA    G=DGROUP   M=C:\XHB121\LIB\MACRO.LIB|macroy ACBP=A9
 0002:000D4160 0000003F C=DATA    S=_DATA    G=DGROUP   M=C:\XHB121\LIB\MACRO.LIB|macroa ACBP=A9
[...]
 0002:000DBA14  __odtbl__ std::basic_ostream<wchar_t, std::char_traits<wchar_t> >::basic_ostream<wchar_t, std::char_traits<wchar_t> >(std::basic_streambuf<wchar_t, std::char_traits<wchar_t> > *, bool)
 0002:000DBA24  __ectbl__ std::basic_ostream<wchar_t, std::char_traits<wchar_t> >::basic_ostream<wchar_t, std::char_traits<wchar_t> >(std::basic_streambuf<wchar_t, std::char_traits<wchar_t> > *, bool)
 0002:000DBA3C  __odtbl__ std::basic_streambuf<wchar_t, std::char_traits<wchar_t> >::basic_streambuf<wchar_t, std::char_traits<wchar_t> >()
 0002:000DBA5C  __ectbl__ std::basic_streambuf<wchar_t, std::char_traits<wchar_t> >::basic_streambuf<wchar_t, std::char_traits<wchar_t> >()
 0002:000DBA98  __odtbl__ std::basic_ios<wchar_t, std::char_traits<wchar_t> >::basic_ios<wchar_t, std::char_traits<wchar_t> >()
 0002:000DBAA8  __ectbl__ std::basic_ios<wchar_t, std::char_traits<wchar_t> >::basic_ios<wchar_t, std::char_traits<wchar_t> >()
 0002:000DBAC0  __odtbl__ std::basic_ios<wchar_t, std::char_traits<wchar_t> >::widen(char) const
 0002:000DBAE0  __ectbl__ std::basic_ios<wchar_t, std::char_traits<wchar_t> >::widen(char) const
 0002:000DBB04  __odtbl__ const std::ctype<wchar_t>& std::use_facet<std::ctype<wchar_t> >(const std::locale&)
 0002:000DBB34  __ectbl__ const std::ctype<wchar_t>& std::use_facet<std::ctype<wchar_t> >(const std::locale&)
 0002:000DBB64  __odtbl__ std::ctype<wchar_t>::_Getcat(const std::locale::facet * *)
 0002:000DBB74  __ectbl__ std::ctype<wchar_t>::_Getcat(const std::locale::facet * *)
 0002:000DBB98  __odtbl__ std::ctype<wchar_t>::ctype<wchar_t>(unsigned int)
 0002:000DBBB8  __ectbl__ std::ctype<wchar_t>::ctype<wchar_t>(unsigned int)
 0002:000DBBDC  std::_Facetptr<std::ctype<wchar_t> >::_Psave
 0002:000DBBE0  __odtbl__ std::basic_filebuf<wchar_t, std::char_traits<wchar_t> >::basic_filebuf<wchar_t, std::char_traits<wchar_t> >(std::_Uninitialized)
 0002:000DBBF0  __ectbl__ std::basic_filebuf<wchar_t, std::char_traits<wchar_t> >::basic_filebuf<wchar_t, std::char_traits<wchar_t> >(std::_Uninitialized)
 0002:000DBC08  __odtbl__ std::basic_istream<wchar_t, std::char_traits<wchar_t> >::basic_istream<wchar_t, std::char_traits<wchar_t> >(std::_Uninitialized)
 0002:000DBC18  __ectbl__ std::basic_istream<wchar_t, std::char_traits<wchar_t> >::basic_istream<wchar_t, std::char_traits<wchar_t> >(std::_Uninitialized)
 0002:000DBC30  __odtbl__ std::basic_ostream<wchar_t, std::char_traits<wchar_t> >::basic_ostream<wchar_t, std::char_traits<wchar_t> >(std::_Uninitialized)
 0002:000DBC40  __ectbl__ std::basic_ostream<wchar_t, std::char_traits<wchar_t> >::basic_ostream<wchar_t, std::char_traits<wchar_t> >(std::_Uninitialized)
 0002:000DBC58  __odtbl__ std::basic_ostream<wchar_t, std::char_traits<wchar_t> >::~basic_ostream<wchar_t, std::char_traits<wchar_t> >()
 0002:000DBC68  __ectbl__ std::basic_ostream<wchar_t, std::char_traits<wchar_t> >::~basic_ostream<wchar_t, std::char_traits<wchar_t> >()
 0002:000DBC80  __odtbl__ std::basic_istream<wchar_t, std::char_traits<wchar_t> >::~basic_istream<wchar_t, std::char_traits<wchar_t> >()
 0002:000DBC90  __ectbl__ std::basic_istream<wchar_t, std::char_traits<wchar_t> >::~basic_istream<wchar_t, std::char_traits<wchar_t> >()
 0002:000DBCA8  __odtbl__ std::basic_filebuf<wchar_t, std::char_traits<wchar_t> >::~basic_filebuf<wchar_t, std::char_traits<wchar_t> >()
 0002:000DBCB8  __ectbl__ std::basic_filebuf<wchar_t, std::char_traits<wchar_t> >::~basic_filebuf<wchar_t, std::char_traits<wchar_t> >()
 0002:000DBCD0  __odtbl__ std::basic_streambuf<wchar_t, std::char_traits<wchar_t> >::basic_streambuf<wchar_t, std::char_traits<wchar_t> >(std::_Uninitialized)
 0002:000DBCE0  __ectbl__ std::basic_streambuf<wchar_t, std::char_traits<wchar_t> >::basic_streambuf<wchar_t, std::char_traits<wchar_t> >(std::_Uninitialized)
 0002:000DBCF8  __odtbl__ std::basic_ios<wchar_t, std::char_traits<wchar_t> >::~basic_ios<wchar_t, std::char_traits<wchar_t> >()
 0002:000DBD08  __ectbl__ std::basic_ios<wchar_t, std::char_traits<wchar_t> >::~basic_ios<wchar_t, std::char_traits<wchar_t> >()
 0002:000DBD20  __odtbl__ std::basic_filebuf<wchar_t, std::char_traits<wchar_t> >::_Endwrite()
 0002:000DBD40  __ectbl__ std::basic_filebuf<wchar_t, std::char_traits<wchar_t> >::_Endwrite()
 0002:000DBD64  __ectbl__ std::basic_streambuf<wchar_t, std::char_traits<wchar_t> >::~basic_streambuf<wchar_t, std::char_traits<wchar_t> >()
 0002:000DBD70  @std@%ctype$b%@3
 0002:000DBDB0  @std@%basic_ios$b19std@%char_traits$b%%@3
 0002:000DBDC0  @std@%basic_streambuf$b19std@%char_traits$b%%@3
 0002:000DBE08  @std@%basic_ostream$b19std@%char_traits$b%%@3
 0002:000DBE24  @std@%basic_istream$b19std@%char_traits$b%%@3
 0002:000DBE40  @std@%basic_filebuf$b19std@%char_traits$b%%@3
 0002:000DBE88  __odtbl__ std::ctype<wchar_t>::~ctype<wchar_t>()
 0002:000DBE98  __ectbl__ std::ctype<wchar_t>::~ctype<wchar_t>()
 0002:000DBEB0  __odtbl__ std::basic_filebuf<wchar_t, std::char_traits<wchar_t> >::overflow(wchar_t)
 0002:000DBED0  __ectbl__ std::basic_filebuf<wchar_t, std::char_traits<wchar_t> >::overflow(wchar_t)
 0002:000DBEF4  __odtbl__ std::basic_filebuf<wchar_t, std::char_traits<wchar_t> >::uflow()
 0002:000DBF14  __ectbl__ std::basic_filebuf<wchar_t, std::char_traits<wchar_t> >::uflow()
 0002:000DBF38  __odtbl__ const std::codecvt<wchar_t, char, int>& std::use_facet<std::codecvt<wchar_t, char, int> >(const std::locale&)
 0002:000DBF68  __ectbl__ const std::codecvt<wchar_t, char, int>& std::use_facet<std::codecvt<wchar_t, char, int> >(const std::locale&)
 0002:000DBF98  __odtbl__ std::codecvt<wchar_t, char, int>::_Getcat(const std::locale::facet * *)
 0002:000DBFA8  __ectbl__ std::codecvt<wchar_t, char, int>::_Getcat(const std::locale::facet * *)
 0002:000DBFCC  __odtbl__ std::codecvt<wchar_t, char, int>::codecvt<wchar_t, char, int>(unsigned int)
 0002:000DBFEC  __ectbl__ std::codecvt<wchar_t, char, int>::codecvt<wchar_t, char, int>(unsigned int)
 0002:000DC010  @std@%codecvt$bci%@3
 0002:000DC03C  std::_Facetptr<std::codecvt<wchar_t, char, int> >::_Psave
 0002:000DC040  __odtbl__ std::codecvt<wchar_t, char, int>::~codecvt<wchar_t, char, int>()
 0002:000DC050  __ectbl__ std::codecvt<wchar_t, char, int>::~codecvt<wchar_t, char, int>()
 0002:000DC068  __thrwl__ std::codecvt<wchar_t, char, int>::do_always_noconv() const
 0002:000DC06C  __ectbl__ std::codecvt<wchar_t, char, int>::do_always_noconv() const
 0002:000DC078  __thrwl__ std::codecvt<wchar_t, char, int>::do_max_length() const
 0002:000DC07C  __ectbl__ std::codecvt<wchar_t, char, int>::do_max_length() const
 0002:000DC088  __thrwl__ std::codecvt<wchar_t, char, int>::do_encoding() const
 0002:000DC08C  __ectbl__ std::codecvt<wchar_t, char, int>::do_encoding() const
 0002:000DC098  std::ctype<wchar_t>::id
 0002:000DC09C  __vdflg__ std::ctype<wchar_t>::id
 0002:000DC0A0  time_put<wchar_t, std::ostreambuf_iterator<wchar_t, std::char_traits<wchar_t> > >::id
 0002:000DC0A4  __vdflg__ time_put<wchar_t, std::ostreambuf_iterator<wchar_t, std::char_traits<wchar_t> > >::id
 0002:000DC0A8  std::num_get<wchar_t, std::istreambuf_iterator<wchar_t, std::char_traits<wchar_t> > >::id
 0002:000DC0AC  __vdflg__ std::num_get<wchar_t, std::istreambuf_iterator<wchar_t, std::char_traits<wchar_t> > >::id
 0002:000DC0B0  std::num_put<wchar_t, std::ostreambuf_iterator<wchar_t, std::char_traits<wchar_t> > >::id
 0002:000DC0B4  __vdflg__ std::num_put<wchar_t, std::ostreambuf_iterator<wchar_t, std::char_traits<wchar_t> > >::id
 0002:000DC0B8  std::numpunct<wchar_t>::id
 0002:000DC0BC  __vdflg__ std::numpunct<wchar_t>::id
 0002:000DC0C0  std::collate<wchar_t>::id
 0002:000DC0C4  __vdflg__ std::collate<wchar_t>::id
 0002:000DC0C8  std::messages<wchar_t>::id
 0002:000DC0CC  __vdflg__ std::messages<wchar_t>::id
 0002:000DC0D0  std::money_get<wchar_t, std::istreambuf_iterator<wchar_t, std::char_traits<wchar_t> > >::id
 0002:000DC0D4  __vdflg__ std::money_get<wchar_t, std::istreambuf_iterator<wchar_t, std::char_traits<wchar_t> > >::id
 0002:000DC0D8  std::money_put<wchar_t, std::ostreambuf_iterator<wchar_t, std::char_traits<wchar_t> > >::id
 0002:000DC0DC  __vdflg__ std::money_put<wchar_t, std::ostreambuf_iterator<wchar_t, std::char_traits<wchar_t> > >::id
 0002:000DC0E0  std::moneypunct<wchar_t, 0>::id
 0002:000DC0E4  __vdflg__ std::moneypunct<wchar_t, 0>::id
 0002:000DC0E8  std::moneypunct<wchar_t, 1>::id
 0002:000DC0EC  __vdflg__ std::moneypunct<wchar_t, 1>::id
 0002:000DC0F0  std::time_get<wchar_t, std::istreambuf_iterator<wchar_t, std::char_traits<wchar_t> > >::id
 0002:000DC0F4  __vdflg__ std::time_get<wchar_t, std::istreambuf_iterator<wchar_t, std::char_traits<wchar_t> > >::id
 0002:000DC0F8  d2087_1
 0002:000DC2FC  d2091_1
 0002:000DC360  d2233_1
 0002:000DC364  d2235_1
 0002:000DC474  d2245_1
 0002:000DC478  __heap_redirector
 0002:000DC494  __virt_heap_size
 0002:000DC494  d2249_1
 0002:000DC498  __virt_chunk_size
 0002:000DC49C  __virt_chunk_size2
 0002:000DC4A0  __nv_heap_size
 0002:000DC4A4  __smalloc_threshold
 0002:000DC4A8  __virt_chunk_free
 0002:000DC4AC  __virt_chunk_free2
 0002:000DC4B0  __firstHeap
 0002:000DC4B4  __lastHeap
 0002:000DC4B8  __linktable
 0002:000DC4BC  __freeStart
 0002:000DC4C8  __rover
 0002:000DC4D0  ___allocated
 0002:000DC4D4  d2395_1
 0002:000DC4E8  ___xxPersonality
 0002:000DC4E8  d2467_0
 0002:000DC4EC  d2469_1
 0002:000DC810  @std@bad_typeid@3
 0002:000DC824  ___terminatePTR
 0002:000DC824  d2471_1
 0002:000DC828  ___unexpectdPTR
 0002:000DC82C  d2473_1
 0002:000DC82C  ___CPPexceptionList
 0002:000DC830  ___exceptFlags
 0002:000DC834  ___throwFileName
 0002:000DC838  ___throwLineNumber
 0002:000DC83C  ___throwExceptionName
 0002:000DC840  ___exceptStaticBuffP
 0002:000DC844  ___exceptMemAllocVars
 0002:000DC848  ___ExceptStaticXbuff
 0002:000DC8C8  __ExceptVarsSize
 0002:000DC8DC  __chtbl__ __call_terminate()
 0002:000DC8FC  __ectbl__ __call_terminate()
 0002:000DC914  d2479_1
 0002:000DC914  __stkchk
 0002:000DC928  d2495_1
 0002:000DC934  __cfinfo_get
 0002:000DC934  d2515_1
 0002:000DC938  d2569_1
 0002:000DC938  __notUmask
 0002:000DC93C  d2595_0
 0002:000DC93C  __fileinfo
 0002:000DC940  d2665_0
 0002:000DC940  __streams
 0002:000DCDF0  d2667_0
 0002:000DCDF0  __nfile
 0002:000DCDF4  __openfd
 0002:000DCEBC  __fmode
 0002:000DCEBC  d2677_0
 0002:000DCEC0  d2679_1
 0002:000DCEC0  __fmodeptr
 0002:000DCEC4  __dosErrorToSV
 0002:000DCEC4  d2744_1
 0002:000DCFF0  d2767_1
 0002:000DCFFC  d2775_1
 0002:000DCFFC  __sys_errlist
 0002:000DD0C4  __sys_nerr
 0002:000DD490  d2870_1
 0002:000DD508  d2950_0
 0002:000DD508  __chartype
 0002:000DD70C  __localeconvention
 0002:000DD70C  d2952_1
 0002:000DD748  d2954_1
 0002:000DD798  d2956_0
 0002:000DD798  __lower
 0002:000DD898  __upper
 0002:000DD898  d2960_0
 0002:000DD998  ___mb_cur_max
 0002:000DD998  d2977_1
 0002:000DD99C  ___localeLock
 0002:000DDAB0  _CMonetary
 0002:000DDAB0  d2979_0
 0002:000DDAE4  _CNumeric
 0002:000DDAFC  _CTimeDate
 0002:000DDBC0  _CLOCALE
 0002:000DDBEC  ___locale
 0002:000DDD10  d2981_1
 0002:000DDD9C  d3107_1
 0002:000DDDAC  d3113_1
 0002:000DDE6C  d3150_1
 0002:000DDE78  d3168_1
 0002:000DDE78  __realcvtptr
 0002:000DDE7C  __nextrealptr
 0002:000DDE80  __scantodptr
 0002:000DDE84  __scanrsltptr
 0002:000DDEE0  d3170_1
 0002:000DDEE0  __realcvtwptr
 0002:000DDEE4  __nextrealwptr
 0002:000DDEE8  __scanwtodptr
 0002:000DDEEC  __scanwrsltptr
 0002:000DDF48  __default87
 0002:000DDF48  d3172_0
 0002:000DDF4C  d3178_1
 0002:000DDF58  d3186_1
 0002:000DDF6C  d3188_1
 0002:000DDF84  d3226_0
 0002:000DDF84  __huge_flt
 0002:000DDF88  __huge_dble
 0002:000DDF90  __huge_ldble
 0002:000DDF9A  __max_flt
 0002:000DDF9E  __max_dble
 0002:000DDFA6  __max_ldble
 0002:000DDFB0  __indefinite
 0002:000DDFB4  __tiny_ldble
 0002:000DDFC0  ___ieee_64_p_inf
 0002:000DDFC8  ___ieee_64_n_inf
 0002:000DDFD0  ___ieee_64_p_nanq
 0002:000DDFD8  ___ieee_64_n_nanq
 0002:000DDFE0  ___ieee_64_p_nans
 0002:000DDFE8  ___ieee_64_n_nans
 0002:000DDFF0  ___ieee_64_p_zero
 0002:000DDFF8  ___ieee_64_n_zero
 0002:000DE000  d3236_0
 0002:000DE000  __turboFloat
 0002:000DE004  __floatconvert
 0002:000DE008  d3250_1
 0002:000DE014  d3274_1
 0002:000DE014  __pmatherr
 0002:000DE018  __pmatherrl
 0002:000DE01C  __mathwhy
 0002:000DE01C  d3278_0
 0002:000DE060  d3288_1
 0002:000DE07C  d3300_1
 0002:000DE084  d3302_1
 0002:000DE098  d3304_1
 0002:000DE0C0  d3311_1
 0002:000DE0E8  d3313_1
 0002:000DE110  d3315_1
 0002:000DE11C  d3323_1
 0002:000DE12C  __kalpha
 0002:000DE12C  d3371_1
 0002:000DE12E  __kpunct
 0002:000DE174  d3507_1
 0002:000DE198  d3521_1
 0002:000DE1BC  d3523_1
 0002:000DE1BC  _errno
 0002:000DE1C0  d3525_1
 0002:000DE1C0  __messagefunc
 0002:000DE1C4  __messagefile
 0002:000DE1D0  d3533_1
 0002:000DE1F8  d3535_1
 0002:000DE218  d3552_1
 0002:000DE238  d3554_0
 0002:000DE238  ___pCallAtExitProcs
 0002:000DE23C  d3590_1
 0002:000DE23C  __exitbuf
 0002:000DE240  __exitfopen
 0002:000DE244  __exitopen
 0002:000DE248  __setargv_ptr
 0002:000DE248  d3610_0
 0002:000DE24C  __exitargv_ptr
 0002:000DE250  __wsetargv_ptr
 0002:000DE250  d3612_0
 0002:000DE254  __wexitargv_ptr
 0002:000DE258  d3614_1
 0002:000DE258  __setargv__
 0002:000DE2AC  d3616_1
 0002:000DE2AC  __cmdline_escapes
 0002:000DE2D4  d3618_1
 0002:000DE2F8  d3671_0
 0002:000DE2F8  __argv_expand_ptr
 0002:000DE2FC  __wargv_expand_ptr
 0002:000DE2FC  d3673_0
 0002:000DE300  d3675_1
 0002:000DE300  __argv0
 0002:000DE320  d3689_1
 0002:000DE320  __setenvp__
 0002:000DE374  d3693_1
 0002:000DE3D4  __isWindows
 0002:000DE3D4  d3711_0
 0002:000DE3D8  d3713_1
 0002:000DE3DC  d3743_0
 0002:000DE3DC  __SWeekday
 0002:000DE3F8  __LWeekday
 0002:000DE414  __SMonth
 0002:000DE444  __LMonth
 0002:000DE474  __AmPm
 0002:000DE47C  __Days
 0002:000DE488  __YDays
 0002:000DE5A0  d3749_1
 0002:000DE5A0  __timezone
 0002:000DE5A4  __daylight
 0002:000DE5A8  d3751_1
 0002:000DE5A8  __tzname
 0002:000DE5B8  ___debuggerDisableTerminateCallback
 0002:000DE5B8  d3807_1
 0002:000DEEA4  _GUID_NULL
 0002:000DEEA4  d3963_0
 0002:000DEEB4  _IID_IUnknown
 0002:000DEEC4  _IID_IRichEditOleCallback
 0002:000DEED4  _IID_IEnumVARIANT
 0002:000DEEE4  _IID_IDispatch
 0002:000DEEF4  _IID_IDataObject
 0002:000DEF04  _IID_IPersistStreamInit
 0002:000DEF14  _IID_IOleControlSite
 0002:000DEF24  _IID_IProvideClassInfo2
 0002:000DEF34  _IID_IProvideClassInfo
 0002:000DEF44  _IID_IClassFactory2
 0002:000DEF54  _IID_IConnectionPointContainer
 0002:000DEF64  _IID_IOleInPlaceSite
 0002:000DEF74  _IID_IOleInPlaceObject
 0002:000DEF84  _IID_IOleInPlaceFrame
 0002:000DEF94  _IID_IOleInPlaceUIWindow
 0002:000DEFA4  _IID_IOleWindow
 0002:000DEFB4  _IID_IOleObject
 0002:000DEFC4  _IID_IOleClientSite
 0003:00000000  b2_2
 0003:00000018  b26_2
 0003:00000030  b28_2
 0003:00000048  b30_2
 0003:00000060  b34_2
 0003:00000078  b40_2
 0003:00000090  b44_2
 0003:000000A8  b48_2
 0003:000000C0  b50_2
 0003:000000D8  b54_2
 0003:000000F0  b56_2
 0003:00000108  b58_2
 0003:00000120  b60_2
 0003:00000138  b64_2
 0003:00000150  b68_2
 0003:00000168  b70_2
 0003:00000180  b90_2
 0003:00000198  b94_2
 0003:000001B0  b96_2
 0003:000001C8  b100_2
 0003:000001E0  b106_2
 0003:000001F8  b110_2
 0003:00000210  b112_2
 0003:00000228  b114_2
 0003:00000240  b120_2
 0003:00000258  b124_2
 0003:00000270  b130_2
 0003:00000288  b132_2
 0003:000002A0  b134_2
 0003:000002B8  b136_2
 0003:000002D0  b138_2
 0003:000002E8  b140_2
 0003:00000300  _pHTMLHELP
 0003:00000304  b144_2
 0003:0000031C  b150_2
 0003:00000334  b152_2
 0003:0000034C  b156_2
 0003:00000364  b158_2
 0003:0000037C  b168_2
 0003:00000394  b170_2
 0003:000003AC  b172_2
 0003:000003C4  b176_2
 0003:000003DC  b180_2
 0003:000003F4  b182_2
 0003:0000040C  b188_2
 0003:00000424  b194_2
 0003:0000043C  b206_2
 0003:00000454  b220_2
 0003:0000046C  b228_2
 0003:00000484  b230_2
 0003:0000049C  b232_2
 0003:000004B4  b234_2
 0003:000004CC  b236_2
 0003:000004E4  _fp
 0003:000004E8  _nDocLen
 0003:000004EC  b238_2
 0003:00000504  b240_2
 0003:0000051C  b244_2
 0003:00000534  b246_2
 0003:0000054C  b248_2
 0003:00000564  b250_2
 0003:0000057C  b252_2
 0003:00000594  b254_2
 0003:000005AC  b256_2
 0003:000005C4  b258_2
 0003:000005DC  b260_2
 0003:000005F4  b264_2
 0003:0000060C  b266_2
 0003:00000624  b268_2
 0003:0000063C  b276_2
 0003:00000654  b290_2
 0003:0000066C  b296_2
 0003:00000684  b308_2
 0003:0000069C  b344_2
 0003:000006B4  b362_2
 0003:000006CC  b372_2
 0003:000006E4  b378_2
 0003:000006FC  b382_2
 0003:00000714  b394_2
 0003:0000072C  b396_2
 0003:00000744  b404_2
 0003:0000075C  b438_2
 0003:00000774  b450_2
 0003:0000078C  b466_2
 0003:000007A4  b478_2
 0003:000007BC  b480_2
 0003:000007D4  b486_2
 0003:000007EC  b490_2
 0003:00000804  b498_2
 0003:0000081C  b524_2
 0003:00000924  b540_2
 0003:00002094  b542_2
 0003:00002224  b580_2
 0003:00002280  b582_2
 0003:00002384  b586_2
 0003:000023DC  b684_2
 0003:00002484  b706_2
 0003:00002488  b722_2
 0003:00002528  b758_1
 0003:000025A0  b780_2
 0003:000026E0  b802_2
 0003:000026E8  b812_2
 0003:0000272C  b834_2
 0003:00002744  _fnIsWow64Process
 0003:00002744  b892_2
 0003:00002748  b936_2
 0003:0000274C  b952_2
 0003:00002764  b964_2
 0003:000027E4  b972_2
 0003:000029FC  b996_1
 0003:00002A04  b1034_2
 0003:00002B10  b1068_2
 0003:00002D10  b1149_1
 0003:00002D14  b1210_2
 0003:00002D18  b1229_2
 0003:00002D30  b1269_2
 0003:00002D48  b1275_2
 0003:00002D60  b1309_2
 0003:00002D78  b1313_2
 0003:00002D90  b1323_2
 0003:00002DA8  b1327_2
 0003:00002DC0  b1335_2
 0003:00002DD8  b1349_2
 0003:00002DF0  b1353_2
 0003:00002E60  b1389_2
 0003:0000499C  b1395_2
 0003:00004B2C  b1409_2
 0003:00004B44  b1423_2
 0003:00004E44  b1543_2
 0003:00004E98  b1551_2
 0003:00004F60  _yyleng
 0003:00004F6C  _yyin
 0003:00009978  b1577_2
 0003:00009B20  b1623_2
 0003:00009B38  b1627_2
 0003:00009B50  b1893_2
 0003:00009CFC  b1895_2
 0003:00009EA4  b2047_2
 0003:00009EA4  std::_Ios_init
 0003:00009EAC  std::_Wios_init
 0003:00009F64  std::cin
 0003:00009FB4  std::cout
 0003:0000A054  std::cerr
 0003:0000A09C  std::clog
 0003:0000A0E8  std::fpos<int>::_Stz
 0003:0000A0EC  b2051_2
 0003:0000A0F4  b2053_2
 0003:0000A104  b2061_2
 0003:0000A108  b2079_2
 0003:0000A210  std::wcin
 0003:0000A260  std::wcout
 0003:0000A2A8  std::wcerr
 0003:0000A2F0  std::wclog
 0003:0000A33C  b2091_2
 0003:0000A344  b2235_2
 0003:0000A344  __bormm_pfn_FreeMem
 0003:0000A348  __bormm_pfn_GetMem
 0003:0000A34C  __bormm_pfn_ReallocMem
 0003:0000A350  __bormm_pfn_HeapAddRef
 0003:0000A354  __bormm_pfn_HeapRelease
 0003:0000A35C  __borlndmm_GetMem
 0003:0000A360  b2395_2
 0003:0000A404  b2469_2
 0003:0000A80C  __DestructorCountPtr
 0003:0000A80C  b2473_2
 0003:0000A814  __HandlerPtr
 0003:0000A814  b2479_2
 0003:0000A818  __UserHandlerPtr
 0003:0000A81C  __pidtab
 0003:0000A81C  b2667_1
 0003:0000A8E4  __handles
 0003:0000A9AC  __doserrno
 0003:0000A9AC  b2744_2
 0003:0000A9B0  b2750_1
 0003:0000A9B4  b2752_1
 0003:0000A9B8  b2767_2
 0003:0000A9B8  __tmpnum
 0003:0000A9C8  b3371_2
 0003:0000A9C8  __mbctype
 0003:0000AACC  __mbcsCodePage
 0003:0000AAD0  b3507_2
 0003:0000ABD0  b3521_2
 0003:0000ABEC  b3533_2
 0003:0000ABEC  __ostype
 0003:0000ABF0  b3537_1
 0003:0000ABF8  b3614_2
 0003:0000ABF8  __argv
 0003:0000AC04  b3616_2
 0003:0000AC08  b3618_2
 0003:0000AC0C  __environ
 0003:0000AC0C  b3689_2
 0003:0000AC14  __envsize
 0003:0000AC18  __env_lock
 0003:0000AC1C  __C0argc
 0003:0000AC1C  b3711_1
 0003:0000AC20  __C0argv
 0003:0000AC24  __C0environ
 0003:0000AC28  __oscmd
 0003:0000AC2C  __osenv
 0003:0000AC30  __argc
 0003:0000AC34  __dll_table
 0003:0000AC3C  __ExcRegPtr
 0003:0000AC40  __wosenv
 0003:0000AC44  __woscmd
 0003:0000AC48  __wC0argv
 0003:0000AC4C  __wC0environ
 0003:0000AC50  __exe_table
 0003:0000AC58  __stkbase
 0003:0000AC5C  b3751_2
 0003:0000AC64  b3807_2
 0003:0000AC68  ___pCPPdebugHook
 0004:00000000  ___xxInfo
 0004:00000000  t2473_3
